Component: ARM Compiler 5.06 update 1 (build 61) Tool: armlink [4d35a8]

==============================================================================

Memory Map of the image

  Image Entry point : 0x1800607d

  Load Region LR_IROM0 (Base: 0x18006000, Size: 0x00129eb0, Max: 0x001f4000, ABSOLUTE, COMPRESSED[0x001250c4])

    Execution Region ER_IRAMVEC (Base: 0x00100000, Size: 0x00000080, Max: 0x00000080, ABSOLUTE)

    Base Addr    Size         Type   Attr      Idx    E Section Name        Object

    0x00100000   0x00000080   Zero   RW            1    ER_IRAMVEC.bss      anon$$obj.o


    Execution Region RW_IRAM1 (Base: 0x00100080, Size: 0x0001e044, Max: 0x0001ef80, ABSOLUTE, COMPRESSED[0x00000538])

    Base Addr    Size         Type   Attr      Idx    E Section Name        Object

    0x00100080   0x00000002   Code   RO         5115    i.flash_wrtie_protect  wland_flash_wp.o
    0x00100082   0x00000002   Code   RO         5116    i.flash_wrtie_protect_all  wland_flash_wp.o
    0x00100084   0x00000004   Data   RW           21    .data               app_main.o
    0x00100088   0x00000028   Data   RW          125    .data               deepbrain_app.o
    0x001000b0   0x00000014   Data   RW          204    .data               duer_recorder.o
    0x001000c4   0x00000004   Data   RW          263    .data               airkiss_lan_discovery.o
    0x001000c8   0x00000008   Data   RW          292    .data               asr_service.o
    0x001000d0   0x00000008   Data   RW          340    .data               device_params_manage.o
    0x001000d8   0x0000000c   Data   RW          376    .data               memo_service.o
    0x001000e4   0x00000014   Data   RW          417    .data               mpush_service.o
    0x001000f8   0x00000010   Data   RW          461    .data               ota_update.o
    0x00100108   0x0000000c   Data   RW          554    .data               wifi_manage.o
    0x00100114   0x00000008   Data   RW          597    .data               dcl_asr_api.o
    0x0010011c   0x00000008   Data   RW          870    .data               app_framework.o
    0x00100124   0x0000000c   Data   RW          957    .data               cJSON.o
    0x00100130   0x00000002   Data   RW         2221    .data               baidu_codec_base.o
    0x00100132   0x00000001   Data   RW         2427    .data               rda58xx.o
    0x00100133   0x00000001   PAD
    0x00100134   0x00000044   Data   RW         3089    .data               gpadckey.o
    0x00100178   0x0000000c   Data   RW         3219    .data               ff.o
    0x00100184   0x0000000c   Data   RW         3389    .data               FATFileSystem.o
    0x00100190   0x00000030   Data   RW         3494    .data               sdmmc.o
    0x001001c0   0x00000004   Data   RW         4587    .data               ssl_ciphersuites.o
    0x001001c4   0x00000028   Data   RW         4673    .data               ssl_tls.o
    0x001001ec   0x0000000c   Data   RW         4984    .data               factory_test.o
    0x001001f8   0x0000000c   Data   RW         5038    .data               lwip_sys_arch.o
    0x00100204   0x00000004   Data   RW         5085    .data               rda5991h_wland.o
    0x00100208   0x00000004   Data   RW         5086    .data               rda5991h_wland.o
    0x0010020c   0x00000004   Data   RW         5087    .data               rda5991h_wland.o
    0x00100210   0x00000004   Data   RW         5088    .data               rda5991h_wland.o
    0x00100214   0x00000004   Data   RW         5089    .data               rda5991h_wland.o
    0x00100218   0x00000004   Data   RW         5090    .data               rda5991h_wland.o
    0x0010021c   0x00000012   Data   RW         5091    .data               rda5991h_wland.o
    0x0010022e   0x00000001   Data   RW         5198    .data               lwip_api_msg.o
    0x0010022f   0x00000001   PAD
    0x00100230   0x00000014   Data   RW         5267    .data               lwip_netdb.o
    0x00100244   0x00000008   Data   RW         5313    .data               lwip_sockets.o
    0x0010024c   0x00000008   Data   RW         5361    .data               lwip_tcpip.o
    0x00100254   0x00000014   Data   RW         5409    .data               lwip_dhcp.o
    0x00100268   0x00000001   Data   RW         5450    .data               lwip_etharp.o
    0x00100269   0x00000003   PAD
    0x0010026c   0x0000000c   Data   RW         5491    .data               lwip_igmp.o
    0x00100278   0x00000008   Data   RW         5518    .data               lwip_ip4.o
    0x00100280   0x00000008   Data   RW         5559    .data               lwip_ip4_frag.o
    0x00100288   0x0000000c   Data   RW         5642    .data               lwip_dns.o
    0x00100294   0x0000000c   Data   RW         5700    .data               lwip_mem.o
    0x001002a0   0x00000004   Data   RW         5751    .data               lwip_memp.o
    0x001002a4   0x00000004   Data   RW         5752    .data               lwip_memp.o
[...]
    0x18078ef4   0x00000028   Code   RO         8943    i.os_tick_init      rt_System.o
    0x18078f1c   0x00000002   Code   RO         8944    i.os_tick_irqack    rt_System.o
    0x18078f1e   0x00000002   PAD
    0x18078f20   0x000003d0   Code   RO          949    i.parse_string      cJSON.o
    0x180792f0   0x0000049e   Code   RO          950    i.parse_value       cJSON.o
    0x1807978e   0x00000002   PAD
    0x18079790   0x0000012e   Code   RO        12586    i.pbkdf2_sha1       wifi_sta_ap.ar(wifi_sha1.o)
    0x180798be   0x00000002   PAD
    0x180798c0   0x000001d4   Code   RO         5818    i.pbuf_alloc        lwip_pbuf.o
    0x18079a94   0x00000058   Code   RO         5819    i.pbuf_alloced_custom  lwip_pbuf.o
    0x18079aec   0x00000028   Code   RO         5820    i.pbuf_cat          lwip_pbuf.o
    0x18079b14   0x00000042   Code   RO         5821    i.pbuf_chain        lwip_pbuf.o
    0x18079b56   0x00000012   Code   RO         5822    i.pbuf_clen         lwip_pbuf.o
    0x18079b68   0x0000009a   Code   RO         5824    i.pbuf_copy         lwip_pbuf.o
    0x18079c02   0x00000070   Code   RO         5825    i.pbuf_copy_partial  lwip_pbuf.o
    0x18079c72   0x00000060   Code   RO         5827    i.pbuf_free         lwip_pbuf.o
    0x18079cd2   0x00000002   PAD
    0x18079cd4   0x00000038   Code   RO         5828    i.pbuf_free_ooseq_callback  lwip_pbuf.o
    0x18079d0c   0x00000034   Code   RO         5829    i.pbuf_get_at       lwip_pbuf.o
    0x18079d40   0x00000072   Code   RO         5830    i.pbuf_header       lwip_pbuf.o
    0x18079db2   0x00000072   Code   RO         5831    i.pbuf_header_force  lwip_pbuf.o
    0x18079e24   0x00000038   Code   RO         5834    i.pbuf_put_at       lwip_pbuf.o
    0x18079e5c   0x00000060   Code   RO         5835    i.pbuf_realloc      lwip_pbuf.o
    0x18079ebc   0x0000001c   Code   RO         5836    i.pbuf_ref          lwip_pbuf.o
    0x18079ed8   0x00000058   Code   RO         5839    i.pbuf_take         lwip_pbuf.o
    0x18079f30   0x000000a8   Code   RO         5840    i.pbuf_take_at      lwip_pbuf.o
    0x18079fd8   0x000000d0   Code   RO         4440    i.pem_pbkdf1        pem.o
    0x1807a0a8   0x000000f4   Code   RO         8148    i.pin_function      pinmap.o
    0x1807a19c   0x00000064   Code   RO         8149    i.pin_mode          pinmap.o
    0x1807a200   0x00000028   Code   RO         7750    i.pinmap_find_peripheral  mbed_pinmap_common.o
    0x1807a228   0x00000060   Code   RO         7751    i.pinmap_function   mbed_pinmap_common.o
    0x1807a288   0x0000003c   Code   RO         7752    i.pinmap_merge      mbed_pinmap_common.o
    0x1807a2c4   0x00000060   Code   RO         7753    i.pinmap_peripheral  mbed_pinmap_common.o
    0x1807a324   0x0000005c   Code   RO         7754    i.pinmap_pinout     mbed_pinmap_common.o
    0x1807a380   0x00000070   Code   RO         5193    i.poll_tcp          lwip_api_msg.o
    0x1807a3f0   0x00000034   Code   RO         8616    i.pre_main          RTX_Conf_CM.o
    0x1807a424   0x00000168   Code   RO          718    i.print_msg_head    mpush_message.o
    0x1807a58c   0x000000e4   Code   RO         8177    i.pwmout_clk_set    pwmout_api.o
    0x1807a670   0x000001ac   Code   RO         8180    i.pwmout_init       pwmout_api.o
    0x1807a81c   0x0000000a   Code   RO         8182    i.pwmout_period_ms  pwmout_api.o
    0x1807a826   0x00000002   PAD
    0x1807a828   0x00000134   Code   RO         8183    i.pwmout_period_us  pwmout_api.o
    0x1807a95c   0x00000104   Code   RO         8186    i.pwmout_pulsewidth_us  pwmout_api.o
    0x1807aa60   0x00000024   Code   RO         8187    i.pwmout_read       pwmout_api.o
    0x1807aa84   0x00000140   Code   RO         8188    i.pwmout_start      pwmout_api.o
    0x1807abc4   0x000000f8   Code   RO         8189    i.pwmout_stop       pwmout_api.o
    0x1807acbc   0x000000c0   Code   RO         8191    i.pwmout_update_cfgreg  pwmout_api.o
    0x1807ad7c   0x00000094   Code   RO         8192    i.pwmout_write      pwmout_api.o
    0x1807ae10   0x00000014   Code   RO         5871    i.raw_bind          lwip_raw.o
    0x1807ae24   0x00000014   Code   RO         5872    i.raw_connect       lwip_raw.o
    0x1807ae38   0x000000a0   Code   RO         5873    i.raw_input         lwip_raw.o
    0x1807aed8   0x00000034   Code   RO         5874    i.raw_new           lwip_raw.o
    0x1807af0c   0x00000006   Code   RO         5876    i.raw_recv          lwip_raw.o
    0x1807af12   0x00000002   PAD
    0x1807af14   0x00000030   Code   RO         5877    i.raw_remove        lwip_raw.o
    0x1807af44   0x00000006   Code   RO         5878    i.raw_send          lwip_raw.o
    0x1807af4a   0x000000d0   Code   RO         5879    i.raw_sendto        lwip_raw.o
    0x1807b01a   0x00000002   PAD
    0x1807b01c   0x000000c4   Code   RO        12578    i.rc4_skip          wifi_sta_ap.ar(wifi_rc4.o)
    0x1807b0e0   0x00000058   Code   RO        11513    i.rd_rf_usb_reg     hal.ar(rda_ccfg_api.o)
    0x1807b138   0x000000b8   Code   RO        11894    i.rda5981_check_scan_result  wifi_sta_ap.ar(wland_scan.o)
    0x1807b1f0   0x00000058   Code   RO        11897    i.rda5981_del_scan_all_result  wifi_sta_ap.ar(wland_scan.o)
    0x1807b248   0x00000094   Code   RO        11898    i.rda5981_del_scan_result  wifi_sta_ap.ar(wland_scan.o)
    0x1807b2dc   0x0000011c   Code   RO        12198    i.rda5981_enable_sniffer  wifi_sta_ap.ar(wland_sniffer.o)
    0x1807b3f8   0x00000164   Code   RO        11627    i.rda5981_erase_flash  wifi_sta_ap.ar(wland_flash.o)
    0x1807b55c   0x00000130   Code   RO        11639    i.rda5981_flash_read_3rdparter_data  wifi_sta_ap.ar(wland_flash.o)
    0x1807b68c   0x00000084   Code   RO        11640    i.rda5981_flash_read_3rdparter_data_length  wifi_sta_ap.ar(wland_flash.o)
    0x1807b710   0x000000c4   Code   RO        11645    i.rda5981_flash_read_mac_addr  wifi_sta_ap.ar(wland_flash.o)
    0x1807b7d4   0x00000038   Code   RO        11646    i.rda5981_flash_read_pmk  wifi_sta_ap.ar(wland_flash.o)
    0x1807b80c   0x00000050   Code   RO        11647    i.rda5981_flash_read_sta_data  wifi_sta_ap.ar(wland_flash.o)
    0x1807b85c   0x0000012c   Code   RO        11650    i.rda5981_flash_write_3rdparter_data  wifi_sta_ap.ar(wland_flash.o)
    0x1807b988   0x0000005c   Code   RO        11654    i.rda5981_flash_write_ip_addr  wifi_sta_ap.ar(wland_flash.o)
    0x1807b9e4   0x00000068   Code   RO        11655    i.rda5981_flash_write_mac_addr  wifi_sta_ap.ar(wland_flash.o)
    0x1807ba4c   0x00000050   Code   RO        11781    i.rda5981_get_joined_AP  wifi_sta_ap.ar(wland_if_sta.o)
    0x1807ba9c   0x000000c0   Code   RO        11900    i.rda5981_get_scan_result  wifi_sta_ap.ar(wland_scan.o)
    0x1807bb5c   0x000000e4   Code   RO        11659    i.rda5981_read_flash  wifi_sta_ap.ar(wland_flash.o)
    0x1807bc40   0x0000029c   Code   RO        11660    i.rda5981_read_user_data  wifi_sta_ap.ar(wland_flash.o)
    0x1807bedc   0x0000016c   Code   RO        11904    i.rda5981_scan      wifi_sta_ap.ar(wland_scan.o)
    0x1807c048   0x00000064   Code   RO        11663    i.rda5981_set_flash_size  wifi_sta_ap.ar(wland_flash.o)
    0x1807c0ac   0x0000000c   Code   RO        11734    i.rda5981_set_main_queue  wifi_sta_ap.ar(wland_if.o)
    0x1807c0b8   0x000000ac   Code   RO        11664    i.rda5981_set_user_data_addr  wifi_sta_ap.ar(wland_flash.o)
    0x1807c164   0x00000064   Code   RO        12200    i.rda5981_sniffer_enable_fcs  wifi_sta_ap.ar(wland_sniffer.o)
    0x1807c1c8   0x000000d4   Code   RO        11665    i.rda5981_spi_erase_partition  wifi_sta_ap.ar(wland_flash.o)
    0x1807c29c   0x000001bc   Code   RO        12201    i.rda5981_start_sniffer  wifi_sta_ap.ar(wland_sniffer.o)
    0x1807c458   0x0000000c   Code   RO        12005    i.rda5981_stop_airkiss  lib_airkiss.ar(rda_airkiss.o)
    0x1807c464   0x0000008c   Code   RO        12202    i.rda5981_stop_sniffer  wifi_sta_ap.ar(wland_sniffer.o)
    0x1807c4f0   0x000000d0   Code   RO        11667    i.rda5981_write_flash  wifi_sta_ap.ar(wland_flash.o)
    0x1807c5c0   0x000001b4   Code   RO        11879    i.rda5981_write_partition  wifi_sta_ap.ar(wland_ota.o)
    0x1807c774   0x000000f4   Code   RO        11881    i.rda5981_write_partition_start  wifi_sta_ap.ar(wland_ota.o)
    0x1807c868   0x00000278   Code   RO        11668    i.rda5981_write_user_data  wifi_sta_ap.ar(wland_flash.o)
    0x1807cae0   0x00000014   Code   RO         5069    i.rda91h_etharp_output  rda5991h_wland.o
    0x1807caf4   0x00000086   Code   RO         5070    i.rda91h_low_level_output  rda5991h_wland.o
    0x1807cb7a   0x00000002   PAD
    0x1807cb7c   0x0000020c   Code   RO        12965    i.rda_aes_crypt     hal.ar(rda_aes_api.o)
    0x1807cd88   0x00000006   Code   RO        11940    i.rda_alarm_create  wifi_sta_ap.ar(rda_sys_wrapper.o)
    0x1807cd8e   0x00000002   PAD
    0x1807cd90   0x0000012c   Code   RO        11941    i.rda_alarm_create_v2  wifi_sta_ap.ar(rda_sys_wrapper.o)
    0x1807cebc   0x00000070   Code   RO        11942    i.rda_alarm_delete  wifi_sta_ap.ar(rda_sys_wrapper.o)
    0x1807cf2c   0x00000014   Code   RO        11943    i.rda_alarm_start   wifi_sta_ap.ar(rda_sys_wrapper.o)
    0x1807cf40   0x0000001e   Code   RO        11944    i.rda_alarm_stop    wifi_sta_ap.ar(rda_sys_wrapper.o)
    0x1807cf5e   0x0000003e   Code   RO        11471    i.rda_ccfg_adc_free  hal.ar(rda_ccfg_api.o)
    0x1807cf9c   0x00000068   Code   RO        11472    i.rda_ccfg_adc_gp   hal.ar(rda_ccfg_api.o)
    0x1807d004   0x00000058   Code   RO        11473    i.rda_ccfg_adc_init  hal.ar(rda_ccfg_api.o)
    0x1807d05c   0x00000074   Code   RO        11474    i.rda_ccfg_adc_oenb  hal.ar(rda_ccfg_api.o)
    0x1807d0d0   0x000000e4   Code   RO        11475    i.rda_ccfg_adc_read  hal.ar(rda_ccfg_api.o)
    0x1807d1b4   0x0000002c   Code   RO        11476    i.rda_ccfg_aontmr   hal.ar(rda_ccfg_api.o)
    0x1807d1e0   0x000000d2   Code   RO        11477    i.rda_ccfg_aontmr_cksrc  hal.ar(rda_ccfg_api.o)
    0x1807d2b2   0x00000002   PAD
    0x1807d2b4   0x000000f8   Code   RO        11478    i.rda_ccfg_boot     hal.ar(rda_ccfg_api.o)
    0x1807d3ac   0x00000028   Code   RO        11479    i.rda_ccfg_ckrst    hal.ar(rda_ccfg_api.o)
    0x1807d3d4   0x0000006c   Code   RO        11480    i.rda_ccfg_gp       hal.ar(rda_ccfg_api.o)
    0x1807d440   0x00000020   Code   RO        11483    i.rda_ccfg_hwver    hal.ar(rda_ccfg_api.o)
    0x1807d460   0x00000024   Code   RO        11485    i.rda_ccfg_wdt_en   hal.ar(rda_ccfg_api.o)
    0x1807d484   0x0000002c   Code   RO         5071    i.rda_create_interrupt  rda5991h_wland.o
    0x1807d4b0   0x00000020   Code   RO         5072    i.rda_critical_sec_end  rda5991h_wland.o
    0x1807d4d0   0x00000024   Code   RO         5073    i.rda_critical_sec_start  rda5991h_wland.o
    0x1807d4f4   0x00000008   Code   RO         5074    i.rda_delete_interrupt  rda5991h_wland.o
    0x1807d4fc   0x0000001a   Code   RO         5075    i.rda_disable_interrupt  rda5991h_wland.o
    0x1807d516   0x0000001a   Code   RO         5076    i.rda_enable_interrupt  rda5991h_wland.o
    0x1807d530   0x00000004   Code   RO        11945    i.rda_get_cur_time_ms  wifi_sta_ap.ar(rda_sys_wrapper.o)
    0x1807d534   0x00000024   Code   RO         5077    i.rda_get_macaddr   rda5991h_wland.o
    0x1807d558   0x00000028   Code   RO         8242    i.rda_gpadc_free    rda_gpadc_api.o
    0x1807d580   0x00000060   Code   RO         8243    i.rda_gpadc_init    rda_gpadc_api.o
    0x1807d5e0   0x0000006c   Code   RO         8244    i.rda_gpadc_set     rda_gpadc_api.o
    0x1807d64c   0x00000034   Code   RO        11946    i.rda_mail_create   wifi_sta_ap.ar(rda_sys_wrapper.o)
    0x1807d680   0x00000038   Code   RO        11947    i.rda_mail_get      wifi_sta_ap.ar(rda_sys_wrapper.o)
    0x1807d6b8   0x00000030   Code   RO        11948    i.rda_mail_put      wifi_sta_ap.ar(rda_sys_wrapper.o)
    0x1807d6e8   0x00000020   Code   RO        11949    i.rda_msgQ_create   wifi_sta_ap.ar(rda_sys_wrapper.o)
    0x1807d708   0x00000010   Code   RO        11951    i.rda_msg_put       wifi_sta_ap.ar(rda_sys_wrapper.o)
    0x1807d718   0x00000014   Code   RO         5078    i.rda_netif_down    rda5991h_wland.o
    0x1807d72c   0x00000108   Code   RO         5079    i.rda_netif_input   rda5991h_wland.o
    0x1807d834   0x00000014   Code   RO         5080    i.rda_netif_link_down  rda5991h_wland.o
    0x1807d848   0x00000014   Code   RO         5081    i.rda_netif_link_up  rda5991h_wland.o
    0x1807d85c   0x00000014   Code   RO         5082    i.rda_netif_up      rda5991h_wland.o
    0x1807d870   0x00000044   Code   RO         3486    i.rda_sdmmc_get_csdinfo  sdmmc.o
    0x1807d8b4   0x000000a0   Code   RO         3487    i.rda_sdmmc_init    sdmmc.o
    0x1807d954   0x00000018   Code   RO         3488    i.rda_sdmmc_open    sdmmc.o
    0x1807d96c   0x000003a8   Code   RO         3489    i.rda_sdmmc_read_blocks  sdmmc.o
    0x1807dd14   0x00000318   Code   RO         3491    i.rda_sdmmc_write_blocks  sdmmc.o
    0x1807e02c   0x0000001c   Code   RO        11956    i.rda_sem_create    wifi_sta_ap.ar(rda_sys_wrapper.o)
    0x1807e048   0x0000001c   Code   RO        11957    i.rda_sem_delete    wifi_sta_ap.ar(rda_sys_wrapper.o)
    0x1807e064   0x00000010   Code   RO        11958    i.rda_sem_release   wifi_sta_ap.ar(rda_sys_wrapper.o)
    0x1807e074   0x00000012   Code   RO        11959    i.rda_sem_wait      wifi_sta_ap.ar(rda_sys_wrapper.o)
    0x1807e086   0x00000002   PAD
    0x1807e088   0x00000038   Code   RO         8317    i.rda_timer_irq_set  rda_timer_isr.o
    0x1807e0c0   0x0000004c   Code   RO         8318    i.rda_timer_isr     rda_timer_isr.o
    0x1807e10c   0x000000a8   Code   RO        11518    i.rda_trng_generator  hal.ar(rda_trng_api.o)
    0x1807e1b4   0x0000001a   Code   RO        11519    i.rda_trng_simple_delay  hal.ar(rda_trng_api.o)
    0x1807e1ce   0x00000002   PAD
    0x1807e1d0   0x00000024   Code   RO         8331    i.rda_wdt_softreset  rda_wdt_api.o
    0x1807e1f4   0x00000078   Code   RO         5194    i.recv_raw          lwip_api_msg.o
    0x1807e26c   0x0000006e   Code   RO         5195    i.recv_tcp          lwip_api_msg.o
    0x1807e2da   0x00000076   Code   RO         5196    i.recv_udp          lwip_api_msg.o
    0x1807e350   0x00000018   Code   RO         4475    i.rsa_alloc_wrap    pk_wrap.o
    0x1807e368   0x0000000c   Code   RO         4476    i.rsa_can_do        pk_wrap.o
    0x1807e374   0x00000004   Code   RO         4477    i.rsa_check_pair_wrap  pk_wrap.o
    0x1807e378   0x0000002c   Code   RO         4478    i.rsa_debug         pk_wrap.o
    0x1807e3a4   0x00000038   Code   RO         4479    i.rsa_decrypt_wrap  pk_wrap.o
    0x1807e3dc   0x00000038   Code   RO         4480    i.rsa_encrypt_wrap  pk_wrap.o
    0x1807e414   0x00000012   Code   RO         4481    i.rsa_free_wrap     pk_wrap.o
    0x1807e426   0x00000006   Code   RO         4482    i.rsa_get_bitlen    pk_wrap.o
    0x1807e42c   0x00000024   Code   RO         4483    i.rsa_sign_wrap     pk_wrap.o
    0x1807e450   0x0000004c   Code   RO         4484    i.rsa_verify_wrap   pk_wrap.o
    0x1807e49c   0x0000001a   Code   RO         8902    i.rt_alloc_box      rt_MemBox.o
    0x1807e4b6   0x00000002   PAD
    0x1807e4b8   0x00000050   Code   RO         8968    i.rt_block          rt_Task.o
    0x1807e508   0x00000048   Code   RO         8925    i.rt_chk_robin      rt_Robin.o
    0x1807e550   0x000000c4   Code   RO         8865    i.rt_dec_dly        rt_List.o
    0x1807e614   0x00000080   Code   RO         8969    i.rt_dispatch       rt_Task.o
    0x1807e694   0x00000006   Code   RO         8990    i.rt_dly_wait       rt_Time.o
    0x1807e69a   0x00000002   PAD
    0x1807e69c   0x00000054   Code   RO         8856    i.rt_evt_psh        rt_Event.o
    0x1807e6f0   0x00000060   Code   RO         8857    i.rt_evt_set        rt_Event.o
    0x1807e750   0x00000040   Code   RO         8858    i.rt_evt_wait       rt_Event.o
    0x1807e790   0x0000002c   Code   RO         8903    i.rt_free_box       rt_MemBox.o
    0x1807e7bc   0x0000002a   Code   RO         8866    i.rt_get_first      rt_List.o
    0x1807e7e6   0x00000002   PAD
    0x1807e7e8   0x00000024   Code   RO         8867    i.rt_get_same_rdy_prio  rt_List.o
    0x1807e80c   0x00000018   Code   RO         8926    i.rt_init_robin     rt_Robin.o
    0x1807e824   0x000000ec   Code   RO         8603    i.rt_init_stack     HAL_CM.o
    0x1807e910   0x00000008   Code   RO         8888    i.rt_mbx_check      rt_Mailbox.o
    0x1807e918   0x0000001a   Code   RO         8889    i.rt_mbx_init       rt_Mailbox.o
    0x1807e932   0x00000002   PAD
    0x1807e934   0x00000114   Code   RO         8890    i.rt_mbx_psh        rt_Mailbox.o
    0x1807ea48   0x000000a4   Code   RO         8891    i.rt_mbx_send       rt_Mailbox.o
    0x1807eaec   0x000000b8   Code   RO         8892    i.rt_mbx_wait       rt_Mailbox.o
    0x1807eba4   0x00000048   Code   RO         8716    i.rt_ms2tick        rt_CMSIS.o
    0x1807ebec   0x000000b8   Code   RO         8914    i.rt_mut_delete     rt_Mutex.o
    0x1807eca4   0x00000010   Code   RO         8915    i.rt_mut_init       rt_Mutex.o
    0x1807ecb4   0x000000e4   Code   RO         8916    i.rt_mut_release    rt_Mutex.o
    0x1807ed98   0x0000006c   Code   RO         8917    i.rt_mut_wait       rt_Mutex.o
    0x1807ee04   0x00000080   Code   RO         8947    i.rt_pop_req        rt_System.o
    0x1807ee84   0x00000020   Code   RO         8948    i.rt_psh_req        rt_System.o
    0x1807eea4   0x0000005c   Code   RO         8868    i.rt_psq_enq        rt_List.o
    0x1807ef00   0x00000068   Code   RO         8869    i.rt_put_dly        rt_List.o
    0x1807ef68   0x00000042   Code   RO         8870    i.rt_put_prio       rt_List.o
    0x1807efaa   0x00000002   PAD
    0x1807efac   0x00000014   Code   RO         8871    i.rt_put_rdy_first  rt_List.o
    0x1807efc0   0x0000008c   Code   RO         8872    i.rt_resort_prio    rt_List.o
    0x1807f04c   0x000000e4   Code   RO         8949    i.rt_resume         rt_System.o
    0x1807f130   0x00000012   Code   RO         8604    i.rt_ret_val        HAL_CM.o
    0x1807f142   0x00000014   Code   RO         8605    i.rt_ret_val2       HAL_CM.o
    0x1807f156   0x0000002c   Code   RO         8873    i.rt_rmv_dly        rt_List.o
    0x1807f182   0x00000002   PAD
    0x1807f184   0x00000030   Code   RO         8874    i.rt_rmv_list       rt_List.o
    0x1807f1b4   0x00000060   Code   RO         8931    i.rt_sem_delete     rt_Semaphore.o
    0x1807f214   0x0000000c   Code   RO         8932    i.rt_sem_init       rt_Semaphore.o
    0x1807f220   0x00000034   Code   RO         8933    i.rt_sem_psh        rt_Semaphore.o
    0x1807f254   0x0000002a   Code   RO         8934    i.rt_sem_send       rt_Semaphore.o
    0x1807f27e   0x00000002   PAD
    0x1807f280   0x00000044   Code   RO         8935    i.rt_sem_wait       rt_Semaphore.o
    0x1807f2c4   0x00000024   Code   RO         8950    i.rt_stk_check      rt_System.o
    0x1807f2e8   0x00000070   Code   RO         8951    i.rt_suspend        rt_System.o
    0x1807f358   0x00000024   Code   RO         8970    i.rt_switch_req     rt_Task.o
    0x1807f37c   0x00000124   Code   RO         8971    i.rt_sys_init       rt_Task.o
    0x1807f4a0   0x00000080   Code   RO         8972    i.rt_sys_start      rt_Task.o
    0x1807f520   0x00000040   Code   RO         8952    i.rt_systick        rt_System.o
    0x1807f560   0x0000000c   Code   RO         8993    i.rt_time_get       rt_Time.o
    0x1807f56c   0x000000e4   Code   RO         8973    i.rt_tsk_create     rt_Task.o
    0x1807f650   0x0000016c   Code   RO         8974    i.rt_tsk_delete     rt_Task.o
    0x1807f7bc   0x00000044   Code   RO         8975    i.rt_tsk_pass       rt_Task.o
    0x1807f800   0x0000007c   Code   RO         8976    i.rt_tsk_prio       rt_Task.o
    0x1807f87c   0x00000010   Code   RO         8977    i.rt_tsk_self       rt_Task.o
    0x1807f88c   0x0000002c   Code   RO         8347    i.rtc_base_update   rtc_api.o
    0x1807f8b8   0x0000001c   Code   RO         8349    i.rtc_init          rtc_api.o
    0x1807f8d4   0x0000000c   Code   RO         8350    i.rtc_isenabled     rtc_api.o
    0x1807f8e0   0x0000001c   Code   RO         8351    i.rtc_read          rtc_api.o
    0x1807f8fc   0x00000040   Code   RO         8352    i.rtc_write         rtc_api.o
    0x1807f93c   0x0000000c   Code   RO         8595    i.rtos_idle_loop    rtos_idle.o
    0x1807f948   0x0000005c   Code   RO         5197    i.sent_tcp          lwip_api_msg.o
    0x1807f9a4   0x000000d0   Code   RO         8366    i.serial_baud       serial_api.o
    0x1807fa74   0x00000008   Code   RO         8369    i.serial_clear      serial_api.o
    0x1807fa7c   0x000000f0   Code   RO         8370    i.serial_format     serial_api.o
    0x1807fb6c   0x00000044   Code   RO         8372    i.serial_getc       serial_api.o
    0x1807fbb0   0x00000170   Code   RO         8373    i.serial_init       serial_api.o
    0x1807fd20   0x00000020   Code   RO         8374    i.serial_irq_handler  serial_api.o
    0x1807fd40   0x0000001c   Code   RO         8375    i.serial_irq_set    serial_api.o
    0x1807fd5c   0x000000bc   Code   RO         8376    i.serial_irq_set_internal  serial_api.o
    0x1807fe18   0x00000048   Code   RO         8378    i.serial_putc       serial_api.o
    0x1807fe60   0x00000164   Code   RO         8380    i.serial_set_flow_control  serial_api.o
    0x1807ffc4   0x00000108   Code   RO        12602    i.setWifiSmPmk      wifi_sta_ap.ar(wifi_wpa_common.o)
    0x180800cc   0x00000034   Code   RO         8617    i.set_stack_heap    RTX_Conf_CM.o
    0x18080100   0x00000014   Code   RO        10726    i.set_transport_state  upnpsoap.o
    0x18080114   0x00000004   Code   RO         4362    i.sha1_clone_wrap   md_wrap.o
    0x18080118   0x00000014   Code   RO         4363    i.sha1_ctx_alloc    md_wrap.o
    0x1808012c   0x00000012   Code   RO         4364    i.sha1_ctx_free     md_wrap.o
    0x1808013e   0x00000004   Code   RO         4365    i.sha1_finish_wrap  md_wrap.o
    0x18080142   0x00000094   Code   RO        12587    i.sha1_prf          wifi_sta_ap.ar(wifi_sha1.o)
    0x180801d6   0x00000004   Code   RO         4366    i.sha1_process_wrap  md_wrap.o
    0x180801da   0x00000004   Code   RO         4367    i.sha1_starts_wrap  md_wrap.o
    0x180801de   0x00000004   Code   RO         4368    i.sha1_update_wrap  md_wrap.o
    0x180801e2   0x00000002   PAD
    0x180801e4   0x000000cc   Code   RO        12588    i.sha1_vector       wifi_sta_ap.ar(wifi_sha1.o)
    0x180802b0   0x00000004   Code   RO         4369    i.sha224_clone_wrap  md_wrap.o
    0x180802b4   0x00000014   Code   RO         4370    i.sha224_ctx_alloc  md_wrap.o
    0x180802c8   0x00000012   Code   RO         4371    i.sha224_ctx_free   md_wrap.o
    0x180802da   0x00000004   Code   RO         4372    i.sha224_finish_wrap  md_wrap.o
    0x180802de   0x00000004   Code   RO         4373    i.sha224_process_wrap  md_wrap.o
    0x180802e2   0x00000006   Code   RO         4374    i.sha224_starts_wrap  md_wrap.o
    0x180802e8   0x00000004   Code   RO         4375    i.sha224_update_wrap  md_wrap.o
    0x180802ec   0x00000006   Code   RO         4376    i.sha224_wrap       md_wrap.o
    0x180802f2   0x00000006   Code   RO         4377    i.sha256_starts_wrap  md_wrap.o
    0x180802f8   0x00000006   Code   RO         4378    i.sha256_wrap       md_wrap.o
    0x180802fe   0x00000002   PAD
    0x18080300   0x00000024   Code   RO         3023    i.show_cmd_usage    cmd_basic.o
    0x18080324   0x0000070c   Code   RO         8004    i.show_regs         cmsis_nvic.o
    0x18080a30   0x00000004   Code   RO         8415    i.sleep             sleep.o
    0x18080a34   0x00000080   Code   RO        11529    i.sleep_cal_lpo     hal.ar(rda_sleep_api.o)
    0x18080ab4   0x0000007c   Code   RO        11530    i.sleep_entry_register  hal.ar(rda_sleep_api.o)
    0x18080b30   0x000001a0   Code   RO        11531    i.sleep_management  hal.ar(rda_sleep_api.o)
    0x18080cd0   0x00000108   Code   RO        11532    i.sleep_set_level   hal.ar(rda_sleep_api.o)
    0x18080dd8   0x00000004   Code   RO         1048    i.sock_close        socket_interface.o
    0x18080ddc   0x000002a8   Code   RO         1049    i.sock_connect      socket_interface.o
    0x18081084   0x00000026   Code   RO         1050    i.sock_get_errno    socket_interface.o
    0x180810aa   0x00000002   PAD
    0x180810ac   0x000000b0   Code   RO         1051    i.sock_get_server_info  socket_interface.o
    0x1808115c   0x000001bc   Code   RO         1054    i.sock_readn_with_timeout  socket_interface.o
    0x18081318   0x00000022   Code   RO         1056    i.sock_set_nonblocking  socket_interface.o
    0x1808133a   0x0000003a   Code   RO         1059    i.sock_write        socket_interface.o
    0x18081374   0x00000190   Code   RO         1061    i.sock_writen_with_timeout  socket_interface.o
    0x18081504   0x00000068   Code   RO         9632    i.socket_close      lightduer_http_client_ops.o
    0x1808156c   0x000000e8   Code   RO         9633    i.socket_connect    lightduer_http_client_ops.o
    0x18081654   0x0000002c   Code   RO         9634    i.socket_destroy    lightduer_http_client_ops.o
    0x18081680   0x00000038   Code   RO         9635    i.socket_init       lightduer_http_client_ops.o
    0x180816b8   0x00000004   Code   RO         9636    i.socket_open       lightduer_http_client_ops.o
    0x180816bc   0x0000004c   Code   RO         9637    i.socket_recv       lightduer_http_client_ops.o
    0x18081708   0x00000098   Code   RO         9638    i.socket_send       lightduer_http_client_ops.o
    0x180817a0   0x00000002   Code   RO         9639    i.socket_set_blocking  lightduer_http_client_ops.o
    0x180817a2   0x00000002   PAD
    0x180817a4   0x0000002c   Code   RO         9640    i.socket_set_timeout  lightduer_http_client_ops.o
    0x180817d0   0x0000006e   Code   RO        13970    i.sqrt              m_wm.l(sqrt.o)
    0x1808183e   0x00000002   PAD
    0x18081840   0x00000090   Code   RO         4666    i.ssl_calc_finished_tls_sha256  ssl_tls.o
    0x180818d0   0x0000002c   Code   RO         4667    i.ssl_calc_verify_tls_sha256  ssl_tls.o
    0x180818fc   0x000003e0   Code   RO         4668    i.ssl_decrypt_buf   ssl_tls.o
    0x18081cdc   0x00000128   Code   RO         4669    i.ssl_handshake_init  ssl_tls.o
    0x18081e04   0x00000008   Code   RO         4670    i.ssl_update_checksum_sha256  ssl_tls.o
    0x18081e0c   0x00000008   Code   RO         4671    i.ssl_update_checksum_start  ssl_tls.o
    0x18081e14   0x00000068   Code   RO         8005    i.stack_dump        cmsis_nvic.o
    0x18081e7c   0x000000bc   Code   RO        12225    i.supp_alloc_eapol  wifi_sta_ap.ar(wifi_wpa.o)
    0x18081f38   0x00000014   Code   RO         8718    i.svcDelay          rt_CMSIS.o
    0x18081f4c   0x00000070   Code   RO         8719    i.svcKernelInitialize  rt_CMSIS.o
    0x18081fbc   0x0000000c   Code   RO         8720    i.svcKernelRunning  rt_CMSIS.o
    0x18081fc8   0x0000004c   Code   RO         8721    i.svcKernelStart    rt_CMSIS.o
    0x18082014   0x00000026   Code   RO         8724    i.svcMessageCreate  rt_CMSIS.o
    0x1808203a   0x00000044   Code   RO         8725    i.svcMessageGet     rt_CMSIS.o
    0x1808207e   0x0000003c   Code   RO         8726    i.svcMessagePut     rt_CMSIS.o
    0x180820ba   0x0000001e   Code   RO         8727    i.svcMutexCreate    rt_CMSIS.o
    0x180820d8   0x0000001c   Code   RO         8728    i.svcMutexDelete    rt_CMSIS.o
    0x180820f4   0x00000022   Code   RO         8729    i.svcMutexRelease   rt_CMSIS.o
    0x18082116   0x00000038   Code   RO         8730    i.svcMutexWait      rt_CMSIS.o
    0x1808214e   0x00000026   Code   RO         8732    i.svcSemaphoreCreate  rt_CMSIS.o
    0x18082174   0x0000001c   Code   RO         8733    i.svcSemaphoreDelete  rt_CMSIS.o
    0x18082190   0x0000002a   Code   RO         8734    i.svcSemaphoreRelease  rt_CMSIS.o
    0x180821ba   0x00000032   Code   RO         8735    i.svcSemaphoreWait  rt_CMSIS.o
    0x180821ec   0x00000030   Code   RO         8737    i.svcSignalSet      rt_CMSIS.o
    0x1808221c   0x00000058   Code   RO         8738    i.svcSignalWait     rt_CMSIS.o
    0x18082274   0x0000007c   Code   RO         8739    i.svcThreadCreate   rt_CMSIS.o
    0x180822f0   0x0000001c   Code   RO         8740    i.svcThreadGetId    rt_CMSIS.o
    0x1808230c   0x00000038   Code   RO         8743    i.svcThreadTerminate  rt_CMSIS.o
    0x18082344   0x0000000a   Code   RO         8744    i.svcThreadYield    rt_CMSIS.o
    0x1808234e   0x0000001a   Code   RO         8745    i.svcTimerCall      rt_CMSIS.o
    0x18082368   0x00000054   Code   RO         8746    i.svcTimerCreate    rt_CMSIS.o
    0x180823bc   0x00000064   Code   RO         8747    i.svcTimerDelete    rt_CMSIS.o
    0x18082420   0x000000bc   Code   RO         8748    i.svcTimerStart     rt_CMSIS.o
    0x180824dc   0x00000054   Code   RO         8749    i.svcTimerStop      rt_CMSIS.o
    0x18082530   0x000000b0   Code   RO         8754    i.sysTimerTick      rt_CMSIS.o
    0x180825e0   0x000000c0   Code   RO         8755    i.sysUserTimerUpdate  rt_CMSIS.o
    0x180826a0   0x00000014   Code   RO         8756    i.sysUserTimerWakeupTime  rt_CMSIS.o
    0x180826b4   0x00000040   Code   RO         5014    i.sys_arch_mbox_fetch  lwip_sys_arch.o
    0x180826f4   0x0000001a   Code   RO         5015    i.sys_arch_mbox_tryfetch  lwip_sys_arch.o
    0x1808270e   0x00000002   PAD
    0x18082710   0x00000038   Code   RO         5016    i.sys_arch_protect  lwip_sys_arch.o
    0x18082748   0x00000036   Code   RO         5017    i.sys_arch_sem_wait  lwip_sys_arch.o
    0x1808277e   0x00000002   PAD
    0x18082780   0x0000003c   Code   RO         5018    i.sys_arch_unprotect  lwip_sys_arch.o
    0x180827bc   0x00000038   Code   RO         5019    i.sys_init          lwip_sys_arch.o
    0x180827f4   0x00000034   Code   RO         5021    i.sys_mbox_free     lwip_sys_arch.o
    0x18082828   0x00000064   Code   RO         5022    i.sys_mbox_new      lwip_sys_arch.o
    0x1808288c   0x00000034   Code   RO         5023    i.sys_mbox_post     lwip_sys_arch.o
    0x180828c0   0x00000014   Code   RO         5024    i.sys_mbox_trypost  lwip_sys_arch.o
    0x180828d4   0x00000034   Code   RO         5027    i.sys_mutex_lock    lwip_sys_arch.o
    0x18082908   0x00000028   Code   RO         5028    i.sys_mutex_new     lwip_sys_arch.o
    0x18082930   0x00000030   Code   RO         5029    i.sys_mutex_unlock  lwip_sys_arch.o
    0x18082960   0x00000010   Code   RO         5030    i.sys_now           lwip_sys_arch.o
    0x18082970   0x00000002   Code   RO         5031    i.sys_sem_free      lwip_sys_arch.o
    0x18082972   0x00000002   PAD
    0x18082974   0x00000044   Code   RO         5032    i.sys_sem_new       lwip_sys_arch.o
    0x180829b8   0x00000016   Code   RO         5033    i.sys_sem_signal    lwip_sys_arch.o
    0x180829ce   0x00000002   PAD
    0x180829d0   0x000000d0   Code   RO         5034    i.sys_thread_new    lwip_sys_arch.o
    0x18082aa0   0x0000008c   Code   RO         6038    i.sys_timeout       lwip_timeouts.o
    0x18082b2c   0x00000034   Code   RO         6039    i.sys_timeouts_init  lwip_timeouts.o
    0x18082b60   0x00000094   Code   RO         6040    i.sys_timeouts_mbox_fetch  lwip_timeouts.o
    0x18082bf4   0x00000070   Code   RO         1097    i.task_thread_create  task_thread_interface.o
    0x18082c64   0x00000002   Code   RO         1098    i.task_thread_exit  task_thread_interface.o
    0x18082c66   0x00000004   Code   RO         1099    i.task_thread_sleep  task_thread_interface.o
    0x18082c6a   0x00000002   PAD
    0x18082c6c   0x0000013c   Code   RO         5908    i.tcp_abandon       lwip_tcp.o
    0x18082da8   0x00000006   Code   RO         5909    i.tcp_abort         lwip_tcp.o
    0x18082dae   0x00000010   Code   RO         5910    i.tcp_accept        lwip_tcp.o
    0x18082dbe   0x00000010   Code   RO         5911    i.tcp_accept_null   lwip_tcp.o
    0x18082dce   0x00000002   PAD
    0x18082dd0   0x0000018c   Code   RO         5912    i.tcp_alloc         lwip_tcp.o
    0x18082f5c   0x00000008   Code   RO         5913    i.tcp_arg           lwip_tcp.o
    0x18082f64   0x00000114   Code   RO         5914    i.tcp_bind          lwip_tcp.o
    0x18083078   0x00000014   Code   RO         5915    i.tcp_close         lwip_tcp.o
    0x1808308c   0x00000190   Code   RO         5916    i.tcp_close_shutdown  lwip_tcp.o
    0x1808321c   0x000001bc   Code   RO         5917    i.tcp_connect       lwip_tcp.o
    0x180833d8   0x00000026   Code   RO         5919    i.tcp_eff_send_mss_impl  lwip_tcp.o
    0x180833fe   0x0000010c   Code   RO         6009    i.tcp_enqueue_flags  lwip_tcp_out.o
    0x1808350a   0x0000000a   Code   RO         5920    i.tcp_err           lwip_tcp.o
    0x18083514   0x000000c0   Code   RO         5921    i.tcp_fasttmr       lwip_tcp.o
    0x180835d4   0x00000014   Code   RO         5922    i.tcp_init          lwip_tcp.o
    0x180835e8   0x00000542   Code   RO         5991    i.tcp_input         lwip_tcp_in.o
    0x18083b2a   0x000000b0   Code   RO         6010    i.tcp_keepalive     lwip_tcp_out.o
    0x18083bda   0x00000002   PAD
    0x18083bdc   0x000000ac   Code   RO         5923    i.tcp_listen_with_backlog  lwip_tcp.o
    0x18083c88   0x00000084   Code   RO         5924    i.tcp_netif_ipv4_addr_changed  lwip_tcp.o
    0x18083d0c   0x00000006   Code   RO         5925    i.tcp_new           lwip_tcp.o
    0x18083d12   0x00000002   PAD
    0x18083d14   0x00000270   Code   RO         6011    i.tcp_output        lwip_tcp_out.o
    0x18083f84   0x0000012c   Code   RO         5992    i.tcp_parseopt      lwip_tcp_in.o
    0x180840b0   0x0000008a   Code   RO         5928    i.tcp_pcb_purge     lwip_tcp.o
    0x1808413a   0x00000050   Code   RO         5929    i.tcp_pcb_remove    lwip_tcp.o
    0x1808418a   0x00000008   Code   RO         5930    i.tcp_poll          lwip_tcp.o
    0x18084192   0x00000002   PAD
    0x18084194   0x00000408   Code   RO         5993    i.tcp_process       lwip_tcp_in.o
    0x1808459c   0x00000078   Code   RO         5931    i.tcp_process_refused_data  lwip_tcp.o
    0x18084614   0x0000083c   Code   RO         5994    i.tcp_receive       lwip_tcp_in.o
    0x18084e50   0x00000008   Code   RO         5932    i.tcp_recv          lwip_tcp.o
    0x18084e58   0x0000009c   Code   RO         5933    i.tcp_recv_null     lwip_tcp.o
    0x18084ef4   0x00000076   Code   RO         5934    i.tcp_recved        lwip_tcp.o
    0x18084f6a   0x0000004a   Code   RO         6012    i.tcp_rexmit        lwip_tcp_out.o
    0x18084fb4   0x00000096   Code   RO         6013    i.tcp_rexmit_fast   lwip_tcp_out.o
    0x1808504a   0x0000002e   Code   RO         6014    i.tcp_rexmit_rto    lwip_tcp_out.o
    0x18085078   0x00000096   Code   RO         6015    i.tcp_rst           lwip_tcp_out.o
    0x1808510e   0x00000028   Code   RO         5935    i.tcp_seg_copy      lwip_tcp.o
    0x18085136   0x00000020   Code   RO         5936    i.tcp_seg_free      lwip_tcp.o
    0x18085156   0x00000026   Code   RO         5937    i.tcp_segs_free     lwip_tcp.o
    0x1808517c   0x000000ce   Code   RO         6016    i.tcp_send_empty_ack  lwip_tcp_out.o
    0x1808524a   0x00000046   Code   RO         6017    i.tcp_send_fin      lwip_tcp_out.o
    0x18085290   0x00000008   Code   RO         5938    i.tcp_sent          lwip_tcp.o
    0x18085298   0x00000052   Code   RO         5940    i.tcp_shutdown      lwip_tcp.o
    0x180852ea   0x00000002   PAD
    0x180852ec   0x000002cc   Code   RO         5941    i.tcp_slowtmr       lwip_tcp.o
    0x180855b8   0x00000038   Code   RO         6042    i.tcp_timer_needed  lwip_timeouts.o
    0x180855f0   0x00000024   Code   RO         5942    i.tcp_tmr           lwip_tcp.o
    0x18085614   0x00000010   Code   RO         5995    i.tcp_trigger_input_pcb_close  lwip_tcp_in.o
    0x18085624   0x0000003c   Code   RO         5944    i.tcp_update_rcv_ann_wnd  lwip_tcp.o
    0x18085660   0x000002f4   Code   RO         6018    i.tcp_write         lwip_tcp_out.o
    0x18085954   0x00000116   Code   RO         6019    i.tcp_zero_window_probe  lwip_tcp_out.o
    0x18085a6a   0x00000002   PAD
    0x18085a6c   0x00000050   Code   RO         5351    i.tcpip_callback_with_block  lwip_tcpip.o
    0x18085abc   0x00000054   Code   RO         5354    i.tcpip_init        lwip_tcpip.o
    0x18085b10   0x00000094   Code   RO         5356    i.tcpip_input       lwip_tcpip.o
    0x18085ba4   0x00000020   Code   RO         5357    i.tcpip_send_msg_wait_sem  lwip_tcpip.o
    0x18085bc4   0x00000038   Code   RO         6043    i.tcpip_tcp_timer   lwip_timeouts.o
    0x18085bfc   0x00000070   Code   RO         5358    i.tcpip_thread      lwip_tcpip.o
    0x18085c6c   0x00000048   Code   RO         7794    i.ticker_insert_event  mbed_ticker_api.o
    0x18085cb4   0x0000004e   Code   RO         7795    i.ticker_irq_handler  mbed_ticker_api.o
    0x18085d02   0x00000006   Code   RO         7796    i.ticker_read       mbed_ticker_api.o
    0x18085d08   0x00000044   Code   RO         7797    i.ticker_remove_event  mbed_ticker_api.o
    0x18085d4c   0x00000012   Code   RO         7798    i.ticker_set_handler  mbed_ticker_api.o
    0x18085d5e   0x00000002   PAD
    0x18085d60   0x0000006c   Code   RO         7770    i.time              mbed_rtc_time.o
    0x18085dcc   0x0000000c   Code   RO        10490    i.timer_stop        baidu_media_manager_adapter.o
    0x18085dd8   0x00000150   Code   RO         4672    i.tls_prf_sha256    ssl_tls.o
    0x18085f28   0x0000002c   Code   RO         8443    i.trng_free         trng_api.o
    0x18085f54   0x00000068   Code   RO         8444    i.trng_get_bytes    trng_api.o
    0x18085fbc   0x00000048   Code   RO         8445    i.trng_init         trng_api.o
    0x18086004   0x00000094   Code   RO         8383    i.uart0_irq         serial_api.o
    0x18086098   0x0000009c   Code   RO         8384    i.uart1_irq         serial_api.o
    0x18086134   0x000000dc   Code   RO         6059    i.udp_bind          lwip_udp.o
    0x18086210   0x00000054   Code   RO         6060    i.udp_connect       lwip_udp.o
    0x18086264   0x00000010   Code   RO         6061    i.udp_disconnect    lwip_udp.o
    0x18086274   0x00000014   Code   RO         6062    i.udp_init          lwip_udp.o
    0x18086288   0x00000184   Code   RO         6063    i.udp_input         lwip_udp.o
    0x1808640c   0x00000034   Code   RO         6064    i.udp_netif_ipv4_addr_changed  lwip_udp.o
    0x18086440   0x0000002c   Code   RO         6065    i.udp_new           lwip_udp.o
    0x1808646c   0x0000002c   Code   RO         6066    i.udp_new_ip_type   lwip_udp.o
    0x18086498   0x00000006   Code   RO         6067    i.udp_recv          lwip_udp.o
    0x1808649e   0x00000002   PAD
    0x180864a0   0x00000030   Code   RO         6068    i.udp_remove        lwip_udp.o
    0x180864d0   0x00000088   Code   RO         6069    i.udp_send          lwip_udp.o
    0x18086558   0x00000080   Code   RO         6070    i.udp_sendto        lwip_udp.o
    0x180865d8   0x00000042   Code   RO         6071    i.udp_sendto_if     lwip_udp.o
    0x1808661a   0x00000118   Code   RO         6072    i.udp_sendto_if_src  lwip_udp.o
    0x18086732   0x00000002   PAD
    0x18086734   0x000000f4   Code   RO        11579    i.unmark_ip_in_table  wifi_sta_ap.ar(dhcps.o)
    0x18086828   0x00000020   Code   RO        10879    i.update_measure_value  baidu_measure_time.o
    0x18086848   0x000001c8   Code   RO        10634    i.upnp_event_var_change_notify  upnpevents.o
    0x18086a10   0x00000010   Code   RO         8455    i.us_ticker_clear_interrupt  us_ticker.o
    0x18086a20   0x00000010   Code   RO         8456    i.us_ticker_disable_interrupt  us_ticker.o
    0x18086a30   0x000000dc   Code   RO         8457    i.us_ticker_init    us_ticker.o
    0x18086b0c   0x0000000c   Code   RO         7812    i.us_ticker_irq_handler  mbed_us_ticker_api.o
    0x18086b18   0x00000060   Code   RO         8458    i.us_ticker_read    us_ticker.o
    0x18086b78   0x000000bc   Code   RO         8459    i.us_ticker_set_interrupt  us_ticker.o
    0x18086c34   0x00000024   Code   RO        11533    i.user_sleep_allow  hal.ar(rda_sleep_api.o)
    0x18086c58   0x0000001c   Code   RO         7825    i.wait_ms           mbed_wait_api.o
    0x18086c74   0x00000018   Code   RO         7826    i.wait_us           mbed_wait_api.o
    0x18086c8c   0x00000118   Code   RO         5083    i.wifi_arch_enetif_init  rda5991h_wland.o
    0x18086da4   0x00000014   Code   RO        12226    i.wifi_inputEapolPkt  wifi_sta_ap.ar(wifi_wpa.o)
    0x18086db8   0x0000008c   Code   RO        11834    i.wland_add_ap_gtkey  wifi_sta_ap.ar(wland_if_ap.o)
    0x18086e44   0x00000140   Code   RO        11785    i.wland_add_gtkey   wifi_sta_ap.ar(wland_if_sta.o)
    0x18086f84   0x00000110   Code   RO        11786    i.wland_add_ptkey   wifi_sta_ap.ar(wland_if_sta.o)
    0x18087094   0x00000118   Code   RO        11787    i.wland_add_wep_key  wifi_sta_ap.ar(wland_if_sta.o)
    0x180871ac   0x000000f4   Code   RO        11835    i.wland_clear_joined_sta  wifi_sta_ap.ar(wland_if_ap.o)
    0x180872a0   0x00000584   Code   RO        11788    i.wland_connect     wifi_sta_ap.ar(wland_if_sta.o)
    0x18087824   0x0000007c   Code   RO        11789    i.wland_connect_auto_rate  wifi_sta_ap.ar(wland_if_sta.o)
    0x180878a0   0x00000060   Code   RO        11836    i.wland_deauth_sta  wifi_sta_ap.ar(wland_if_ap.o)
    0x18087900   0x00000080   Code   RO        11837    i.wland_deauth_timer  wifi_sta_ap.ar(wland_if_ap.o)
    0x18087980   0x00000088   Code   RO        12203    i.wland_disable_sniffer  wifi_sta_ap.ar(wland_sniffer.o)
    0x18087a08   0x00000080   Code   RO        11790    i.wland_disauth     wifi_sta_ap.ar(wland_if_sta.o)
    0x18087a88   0x000000f0   Code   RO        11791    i.wland_disconnect  wifi_sta_ap.ar(wland_if_sta.o)
    0x18087b78   0x0000015c   Code   RO        11738    i.wland_fil_get_cmd_data_v2  wifi_sta_ap.ar(wland_if.o)
    0x18087cd4   0x00000178   Code   RO        11739    i.wland_fil_set_cmd_data  wifi_sta_ap.ar(wland_if.o)
    0x18087e4c   0x00000020   Code   RO        11740    i.wland_get_buf     wifi_sta_ap.ar(wland_if.o)
    0x18087e6c   0x000000d0   Code   RO        11838    i.wland_get_cur_sta  wifi_sta_ap.ar(wland_if_ap.o)
    0x18087f3c   0x00000038   Code   RO        11741    i.wland_get_databuf  wifi_sta_ap.ar(wland_if.o)
    0x18087f74   0x00000108   Code   RO        11839    i.wland_get_joined_sta_ip  wifi_sta_ap.ar(wland_if_ap.o)
    0x1808807c   0x0000048c   Code   RO        12180    i.wland_handle_async_info  wifi_sta_ap.ar(wland_recv.o)
    0x18088508   0x000000b8   Code   RO        12204    i.wland_notify_sniffer_handler  wifi_sta_ap.ar(wland_sniffer.o)
    0x180885c0   0x00000086   Code   RO        11742    i.wland_push_wid    wifi_sta_ap.ar(wland_if.o)
    0x18088646   0x00000002   PAD
    0x18088648   0x000001cc   Code   RO        11792    i.wland_reconnect   wifi_sta_ap.ar(wland_if_sta.o)
    0x18088814   0x000000c0   Code   RO        11743    i.wland_reg_func    wifi_sta_ap.ar(wland_if.o)
    0x180888d4   0x0000016c   Code   RO        12181    i.wland_rx_frames   wifi_sta_ap.ar(wland_recv.o)
    0x18088a40   0x000001a0   Code   RO        11909    i.wland_scan        wifi_sta_ap.ar(wland_scan.o)
    0x18088be0   0x000002e4   Code   RO        11910    i.wland_scan_handler  wifi_sta_ap.ar(wland_scan.o)
    0x18088ec4   0x00000088   Code   RO        11911    i.wland_scan_order_result  wifi_sta_ap.ar(wland_scan.o)
    0x18088f4c   0x00000004   Code   RO        11793    i.wland_set_11n_action  wifi_sta_ap.ar(wland_if_sta.o)
    0x18088f50   0x0000008c   Code   RO        11794    i.wland_set_ARPoffload  wifi_sta_ap.ar(wland_if_sta.o)
    0x18088fdc   0x000001e0   Code   RO        11843    i.wland_set_joined_sta_mac  wifi_sta_ap.ar(wland_if_ap.o)
    0x180891bc   0x00000020   Code   RO        11795    i.wland_set_sta_sleep  wifi_sta_ap.ar(wland_if_sta.o)
    0x180891dc   0x000004a8   Code   RO        11797    i.wland_sta_init    wifi_sta_ap.ar(wland_if_sta.o)
    0x18089684   0x00000038   Code   RO        11845    i.wland_sta_joined  wifi_sta_ap.ar(wland_if_ap.o)
    0x180896bc   0x0000049c   Code   RO        11846    i.wland_start_ap    wifi_sta_ap.ar(wland_if_ap.o)
    0x18089b58   0x0000032c   Code   RO        11798    i.wland_start_join  wifi_sta_ap.ar(wland_if_sta.o)
    0x18089e84   0x00000110   Code   RO        11847    i.wland_stop_ap     wifi_sta_ap.ar(wland_if_ap.o)
    0x18089f94   0x0000030c   Code   RO        11744    i.wland_task        wifi_sta_ap.ar(wland_if.o)
    0x1808a2a0   0x0000009c   Code   RO        11745    i.wland_tx_data     wifi_sta_ap.ar(wland_if.o)
    0x1808a33c   0x00000168   Code   RO        11746    i.wland_tx_msg      wifi_sta_ap.ar(wland_if.o)
    0x1808a4a4   0x000000a0   Code   RO        11747    i.wland_txip_data   wifi_sta_ap.ar(wland_if.o)
    0x1808a544   0x00000300   Code   RO        12265    i.wpa_ap_init       wifi_sta_ap.ar(wifi_wpa_ap.o)
    0x1808a844   0x00000040   Code   RO        12266    i.wpa_ap_sta_init   wifi_sta_ap.ar(wifi_wpa_ap.o)
    0x1808a884   0x0000004e   Code   RO        12299    i.wpa_bss_get_vendor_ie_trinity  wifi_sta_ap.ar(wifi_wpa_get_suites.o)
    0x1808a8d2   0x00000002   PAD
    0x1808a8d4   0x00000090   Code   RO        12603    i.wpa_eapol_key_mic  wifi_sta_ap.ar(wifi_wpa_common.o)
    0x1808a964   0x00000100   Code   RO        12227    i.wpa_eapol_key_send  wifi_sta_ap.ar(wifi_wpa.o)
    0x1808aa64   0x000000c8   Code   RO        12604    i.wpa_parse_generic  wifi_sta_ap.ar(wifi_wpa_common.o)
    0x1808ab2c   0x00000110   Code   RO        12269    i.wpa_parse_kde_ies  wifi_sta_ap.ar(wifi_wpa_ap.o)
    0x1808ac3c   0x0000040c   Code   RO        12300    i.wpa_parse_wpa_ie_rsn  wifi_sta_ap.ar(wifi_wpa_get_suites.o)
    0x1808b048   0x000003e4   Code   RO        12301    i.wpa_parse_wpa_ie_wpa  wifi_sta_ap.ar(wifi_wpa_get_suites.o)
    0x1808b42c   0x000000b4   Code   RO        12605    i.wpa_pmk_to_ptk    wifi_sta_ap.ar(wifi_wpa_common.o)
    0x1808b4e0   0x000009b4   Code   RO        12270    i.wpa_receive       wifi_sta_ap.ar(wifi_wpa_ap.o)
    0x1808be94   0x000000d0   Code   RO        12273    i.wpa_send_3_of_4   wifi_sta_ap.ar(wifi_wpa_ap.o)
    0x1808bf64   0x0000022c   Code   RO        12274    i.wpa_send_eapol    wifi_sta_ap.ar(wifi_wpa_ap.o)
    0x1808c190   0x00000074   Code   RO        12606    i.wpa_sm_ether_send  wifi_sta_ap.ar(wifi_wpa_common.o)
    0x1808c204   0x00000b88   Code   RO        12228    i.wpa_sm_rx_eapol   wifi_sta_ap.ar(wifi_wpa.o)
    0x1808cd8c   0x00000104   Code   RO        12229    i.wpa_sm_set_gtk    wifi_sta_ap.ar(wifi_wpa.o)
    0x1808ce90   0x00000034   Code   RO        12275    i.wpa_start_eapol   wifi_sta_ap.ar(wifi_wpa_ap.o)
    0x1808cec4   0x00000150   Code   RO        12230    i.wpa_supplicant_check_group_cipher  wifi_sta_ap.ar(wifi_wpa.o)
    0x1808d014   0x000000fc   Code   RO        12302    i.wpa_supplicant_get_encrypt  wifi_sta_ap.ar(wifi_wpa_get_suites.o)
    0x1808d110   0x000001a8   Code   RO        12303    i.wpa_supplicant_get_wpaIe  wifi_sta_ap.ar(wifi_wpa_get_suites.o)
    0x1808d2b8   0x000002d0   Code   RO        12231    i.wpa_supplicant_install_gtk  wifi_sta_ap.ar(wifi_wpa.o)
    0x1808d588   0x000000e0   Code   RO        12232    i.wpa_supplicant_pairwise_gtk  wifi_sta_ap.ar(wifi_wpa.o)
    0x1808d668   0x00000178   Code   RO        12233    i.wpa_supplicant_parse_ies  wifi_sta_ap.ar(wifi_wpa.o)
    0x1808d7e0   0x00000626   Code   RO        12234    i.wpa_supplicant_process_1_of_2  wifi_sta_ap.ar(wifi_wpa.o)
    0x1808de06   0x00000002   PAD
    0x1808de08   0x000002e4   Code   RO        12235    i.wpa_supplicant_process_1_of_4  wifi_sta_ap.ar(wifi_wpa.o)
    0x1808e0ec   0x00000140   Code   RO        12236    i.wpa_supplicant_send_2_of_4  wifi_sta_ap.ar(wifi_wpa.o)
    0x1808e22c   0x000001f0   Code   RO        12237    i.wpa_supplicant_send_4_of_4  wifi_sta_ap.ar(wifi_wpa.o)
    0x1808e41c   0x00000218   Code   RO        12304    i.wpa_supplicant_set_suites  wifi_sta_ap.ar(wifi_wpa_get_suites.o)
    0x1808e634   0x00000210   Code   RO        12238    i.wpa_supplicant_verify_eapol_key_mic  wifi_sta_ap.ar(wifi_wpa.o)
    0x1808e844   0x00000044   Code   RO        11511    i.wr_rf_usb_reg     hal.ar(rda_ccfg_api.o)
    0x1808e888   0x000006b0   Code   RO         4789    i.x509_crt_parse_der_core  x509_crt.o
    0x1808ef38   0x00000200   Code   RO         4790    i.x509_crt_verify_child  x509_crt.o
    0x1808f138   0x000001de   Code   RO         4791    i.x509_crt_verify_top  x509_crt.o
    0x1808f316   0x000000d0   Code   RO         4792    i.x509_name_cmp     x509_crt.o
    0x1808f3e6   0x00000002   PAD
    0x1808f3e8   0x00000040   Code   RO         4765    i.x509_parse_int    x509.o
    0x1808f428   0x00000194   Code   RO        11208    i.you_333_GeneratePacket_001  dataProcess.o
    0x1808f5bc   0x00000208   Code   RO        11209    i.you_333_GeneratePacket_002  dataProcess.o
    0x1808f7c4   0x000001a8   Code   RO        11210    i.you_333_KeepData_001  dataProcess.o
    0x1808f96c   0x00000128   Code   RO        11211    i.you_333_KeepPacket_001  dataProcess.o
    0x1808fa94   0x000000aa   Code   RO        11424    i.yt_mv_rb_read_data  yt_mv_222_voice_changer_rda.ar(yt_mv_222_interface.o)
    0x1808fb3e   0x00000004   Code   RO        11440    i.yt_vad_rda_8000_close_session  yt_vad_rda_8000_rb.ar(yt_vad_rda_interface.o)
    0x1808fb42   0x00000002   PAD
    0x1808fb44   0x0000001c   Code   RO        11441    i.yt_vad_rda_8000_get_instance  yt_vad_rda_8000_rb.ar(yt_vad_rda_interface.o)
    0x1808fb60   0x0000000a   Code   RO        11443    i.yt_vad_rda_8000_initialize  yt_vad_rda_8000_rb.ar(yt_vad_rda_interface.o)
    0x1808fb6a   0x00000018   Code   RO        11444    i.yt_vad_rda_8000_input_data_to_end  yt_vad_rda_8000_rb.ar(yt_vad_rda_interface.o)
    0x1808fb82   0x00000014   Code   RO        11445    i.yt_vad_rda_8000_input_data_to_start  yt_vad_rda_8000_rb.ar(yt_vad_rda_interface.o)
    0x1808fb96   0x00000004   Code   RO        11446    i.yt_vad_rda_8000_reset_for_new_start  yt_vad_rda_8000_rb.ar(yt_vad_rda_interface.o)
    0x1808fb9a   0x00000004   Code   RO        11447    i.yt_vad_rda_8000_set_asr_mode  yt_vad_rda_8000_rb.ar(yt_vad_rda_interface.o)
    0x1808fb9e   0x00000002   PAD
    0x1808fba0   0x00000028   Code   RO        11448    i.yt_vad_rda_8000_set_memory_buffer  yt_vad_rda_8000_rb.ar(yt_vad_rda_interface.o)
    0x1808fbc8   0x00000004   Code   RO        11449    i.yt_vad_rda_8000_set_mv_mode  yt_vad_rda_8000_rb.ar(yt_vad_rda_interface.o)
    0x1808fbcc   0x00000004   Code   RO        11450    i.yt_vad_rda_8000_start_session  yt_vad_rda_8000_rb.ar(yt_vad_rda_interface.o)
    0x1808fbd0   0x00000106   Code   RO        12096    i.ytv_asr_GetAverageAmp_MIA  yt_vad_rda_8000_rb.ar(yt_vad_mia_816_fix_rb.o)
    0x1808fcd6   0x00000002   PAD
    0x1808fcd8   0x00000410   Code   RO        12480    i.ytv_asr_mia_fft_INT32  yt_vad_rda_8000_rb.ar(ytv_asr_mia_math.o)
    0x180900e8   0x000003c8   Code   RO        12481    i.ytv_asr_mia_inv_fft_INT32  yt_vad_rda_8000_rb.ar(ytv_asr_mia_math.o)
    0x180904b0   0x00000098   Code   RO        12482    i.ytv_asr_mia_sqrt_x_y_INT_004  yt_vad_rda_8000_rb.ar(ytv_asr_mia_math.o)
    0x18090548   0x00000094   Code   RO        12097    i.ytv_asr_mia_vad_clear  yt_vad_rda_8000_rb.ar(yt_vad_mia_816_fix_rb.o)
    0x180905dc   0x00000020   Code   RO        12098    i.ytv_asr_mia_vad_close_session  yt_vad_rda_8000_rb.ar(yt_vad_mia_816_fix_rb.o)
    0x180905fc   0x000004f0   Code   RO        12099    i.ytv_asr_mia_vad_fill_frame_struct  yt_vad_rda_8000_rb.ar(yt_vad_mia_816_fix_rb.o)
    0x18090aec   0x00000036   Code   RO        12103    i.ytv_asr_mia_vad_get_par  yt_vad_rda_8000_rb.ar(yt_vad_mia_816_fix_rb.o)
    0x18090b22   0x00000002   PAD
    0x18090b24   0x000000fc   Code   RO        12106    i.ytv_asr_mia_vad_initialize  yt_vad_rda_8000_rb.ar(yt_vad_mia_816_fix_rb.o)
    0x18090c20   0x00000632   Code   RO        12107    i.ytv_asr_mia_vad_input_data_for_tail_888  yt_vad_rda_8000_rb.ar(yt_vad_mia_816_fix_rb.o)
    0x18091252   0x000000c4   Code   RO        12108    i.ytv_asr_mia_vad_input_data_to_end  yt_vad_rda_8000_rb.ar(yt_vad_mia_816_fix_rb.o)
    0x18091316   0x00000002   PAD
    0x18091318   0x00000800   Code   RO        12109    i.ytv_asr_mia_vad_input_data_to_end_888  yt_vad_rda_8000_rb.ar(yt_vad_mia_816_fix_rb.o)
    0x18091b18   0x0000012e   Code   RO        12110    i.ytv_asr_mia_vad_input_data_to_start  yt_vad_rda_8000_rb.ar(yt_vad_mia_816_fix_rb.o)
    0x18091c46   0x00000002   PAD
    0x18091c48   0x00000878   Code   RO        12111    i.ytv_asr_mia_vad_input_data_to_start_888  yt_vad_rda_8000_rb.ar(yt_vad_mia_816_fix_rb.o)
    0x180924c0   0x00000064   Code   RO        12114    i.ytv_asr_mia_vad_reset_for_new_start  yt_vad_rda_8000_rb.ar(yt_vad_mia_816_fix_rb.o)
    0x18092524   0x0000002e   Code   RO        12115    i.ytv_asr_mia_vad_set_asr_mode  yt_vad_rda_8000_rb.ar(yt_vad_mia_816_fix_rb.o)
    0x18092552   0x0000002e   Code   RO        12121    i.ytv_asr_mia_vad_set_mv_mode  yt_vad_rda_8000_rb.ar(yt_vad_mia_816_fix_rb.o)
    0x18092580   0x00000058   Code   RO        12124    i.ytv_asr_mia_vad_start_session  yt_vad_rda_8000_rb.ar(yt_vad_mia_816_fix_rb.o)
    0x180925d8   0x000000c4   Code   RO        12130    i.ytv_mia_vad_rb_read_data  yt_vad_rda_8000_rb.ar(yt_vad_mia_816_fix_rb.o)
    0x1809269c   0x00000174   Code   RO        12132    i.ytv_mia_vad_rb_write_data  yt_vad_rda_8000_rb.ar(yt_vad_mia_816_fix_rb.o)
    0x18092810   0x0000002c   Code   RO        14114    locale$$code        c_w.l(lc_ctype_c.o)
    0x1809283c   0x0000002c   Code   RO        14885    locale$$code        c_w.l(lc_numeric_c.o)
    0x18092868   0x0000004c   Code   RO         6682    t._ZN12SingletonPtrIN4rtos5MutexEEptEv  FlashIAP.o
    0x180928b4   0x0000000e   Code   RO        14951    t._ZN4__rw18__rw_locale_vectorIPNS_8__rw_catEED1Ev  cpp_ws.l(rwcats.o)
    0x180928c2   0x00000004   Code   RO          221    t._ZN4mbed8CallbackIFvvEE11_boundthunkIvEEvPvS4_  duer_recorder.o
    0x180928c6   0x00000014   Code   RO         9822    t._ZN4mbed8CallbackIFvvEE12_methodthunkI11DuerHandlerEEvPvS5_  lightduer_events.o
    0x180928da   0x00000014   Code   RO         2491    t._ZN4mbed8CallbackIFvvEE12_methodthunkI7rda58xxEEvPvS5_  rda58xx.o
    0x180928ee   0x00000014   Code   RO         9866    t._ZN4mbed8CallbackIFvvEE12_methodthunkI9DuerTimerEEvPvS5_  lightduer_timers.o
    0x18092902   0x00000014   Code   RO        11401    t._ZN4mbed8CallbackIFvvEE12_methodthunkIN4duer10YTGpadcKeyEEEvPvS6_  yt_key.o
    0x18092916   0x00000014   Code   RO        11146    t._ZN4mbed8CallbackIFvvEE12_methodthunkIN4duer14YTMediaManagerEEEvPvS6_  YTManage.o
    0x1809292a   0x00000004   Code   RO          173    t._ZN4mbed8CallbackIFvvEE12_staticthunkEPvS3_  deepbrain_app.o
    0x1809292e   0x0000000e   Code   RO         6407    t._ZN4mbed8CallbackIFvvEE5thunkEPv  Socket.o
    0x1809293c   0x00000018   Code   RO        13820    x$fpl$basic         fz_wm.l(basic.o)
    0x18092954   0x00000062   Code   RO        13822    x$fpl$d2f           fz_wm.l(d2f.o)
    0x180929b6   0x00000002   PAD
    0x180929b8   0x00000150   Code   RO        13824    x$fpl$dadd          fz_wm.l(daddsub_clz.o)
    0x18092b08   0x00000010   Code   RO        15053    x$fpl$dcheck1       fz_wm.l(dcheck1.o)
    0x18092b18   0x00000018   Code   RO        14722    x$fpl$dcmpinf       fz_wm.l(dcmpi.o)
    0x18092b30   0x000002b0   Code   RO        13831    x$fpl$ddiv          fz_wm.l(ddiv.o)
    0x18092de0   0x0000005e   Code   RO        13836    x$fpl$dfix          fz_wm.l(dfix.o)
    0x18092e3e   0x00000002   PAD
    0x18092e40   0x0000005a   Code   RO        13840    x$fpl$dfixu         fz_wm.l(dfixu.o)
    0x18092e9a   0x0000002e   Code   RO        13845    x$fpl$dflt          fz_wm.l(dflt_clz.o)
    0x18092ec8   0x00000026   Code   RO        13844    x$fpl$dfltu         fz_wm.l(dflt_clz.o)
    0x18092eee   0x00000002   PAD
    0x18092ef0   0x00000078   Code   RO        13850    x$fpl$dleqf         fz_wm.l(dleqf.o)
    0x18092f68   0x00000154   Code   RO        13852    x$fpl$dmul          fz_wm.l(dmul.o)
    0x180930bc   0x0000009c   Code   RO        14724    x$fpl$dnaninf       fz_wm.l(dnaninf.o)
    0x18093158   0x0000000c   Code   RO        14726    x$fpl$dretinf       fz_wm.l(dretinf.o)
    0x18093164   0x0000006c   Code   RO        13854    x$fpl$drleqf        fz_wm.l(drleqf.o)
    0x180931d0   0x00000016   Code   RO        13825    x$fpl$drsb          fz_wm.l(daddsub_clz.o)
    0x180931e6   0x00000002   PAD
    0x180931e8   0x00000198   Code   RO        14728    x$fpl$dsqrt         fz_wm.l(dsqrt_umaal.o)
    0x18093380   0x000001d4   Code   RO        13826    x$fpl$dsub          fz_wm.l(daddsub_clz.o)
    0x18093554   0x00000056   Code   RO        13856    x$fpl$f2d           fz_wm.l(f2d.o)
    0x180935aa   0x0000008c   Code   RO        14730    x$fpl$fnaninf       fz_wm.l(fnaninf.o)
    0x18093636   0x0000000a   Code   RO        15055    x$fpl$fpinit        fz_wm.l(fpinit.o)
    0x18093640   0x0000000a   Code   RO        14732    x$fpl$fretinf       fz_wm.l(fretinf.o)
    0x1809364a   0x00000004   Code   RO        13858    x$fpl$printf1       fz_wm.l(printf1.o)
    0x1809364e   0x00000004   Code   RO        14734    x$fpl$printf2       fz_wm.l(printf2.o)
    0x18093652   0x00000064   Code   RO        15127    x$fpl$retnan        fz_wm.l(retnan.o)
    0x180936b6   0x0000005c   Code   RO        14740    x$fpl$scalbn        fz_wm.l(scalbn.o)
    0x18093712   0x00000030   Code   RO        15169    x$fpl$trapveneer    fz_wm.l(trapv.o)
    0x18093742   0x00000000   Code   RO        14744    x$fpl$usenofp       fz_wm.l(usenofp.o)
    0x18093742   0x00000002   PAD
    0x18093744   0x00000004   Data   RO            5    .constdata          OTA_Config.o
    0x18093748   0x00000004   Data   RO            6    .constdata          OTA_Config.o
    0x1809374c   0x00002b18   Data   RO           19    .constdata          app_main.o
    0x18096264   0x00012d0f   Data   RO          124    .constdata          deepbrain_app.o
    0x180a8f73   0x00000001   PAD
    0x180a8f74   0x00000010   Data   RO          261    .constdata          airkiss_lan_discovery.o
    0x180a8f84   0x00003768   Data   RO          416    .constdata          mpush_service.o
    0x180ac6ec   0x00004b18   Data   RO          442    .constdata          ota_service.o
    0x180b1204   0x000410a0   Data   RO          553    .constdata          wifi_manage.o
    0x180f22a4   0x00000118   Data   RO          869    .constdata          app_framework.o
    0x180f23bc   0x00000007   Data   RO          956    .constdata          cJSON.o
    0x180f23c3   0x00000001   PAD
    0x180f23c4   0x00000400   Data   RO         1008    .constdata          crc_interface.o
    0x180f27c4   0x00000028   Data   RO         1076    .constdata          socket_interface.o
    0x180f27ec   0x00000090   Data   RO         1176    .constdata          lightduer_m4a_audio_specific_config.o
    0x180f287c   0x00000044   Data   RO         2425    .constdata          rda58xx.o
    0x180f28c0   0x00017456   Data   RO         3108    .constdata          cc936.o
    0x18109d16   0x0000003a   Data   RO         3218    .constdata          ff.o
    0x18109d50   0x000000a3   Data   RO         3493    .constdata          sdmmc.o
    0x18109df3   0x00000001   PAD
    0x18109df4   0x00002228   Data   RO         3904    .constdata          aes.o
    0x1810c01c   0x000000c0   Data   RO         3969    .constdata          base64.o
    0x1810c0dc   0x0000001c   Data   RO         4159    .constdata          cipher_wrap.o
    0x1810c0f8   0x0000001c   Data   RO         4160    .constdata          cipher_wrap.o
    0x1810c114   0x0000001c   Data   RO         4161    .constdata          cipher_wrap.o
    0x1810c130   0x0000001c   Data   RO         4162    .constdata          cipher_wrap.o
    0x1810c14c   0x0000001c   Data   RO         4163    .constdata          cipher_wrap.o
    0x1810c168   0x0000001c   Data   RO         4164    .constdata          cipher_wrap.o
    0x1810c184   0x0000001c   Data   RO         4165    .constdata          cipher_wrap.o
    0x1810c1a0   0x0000001c   Data   RO         4166    .constdata          cipher_wrap.o
    0x1810c1bc   0x0000001c   Data   RO         4167    .constdata          cipher_wrap.o
    0x1810c1d8   0x0000001c   Data   RO         4168    .constdata          cipher_wrap.o
    0x1810c1f4   0x0000001c   Data   RO         4169    .constdata          cipher_wrap.o
    0x1810c210   0x0000001c   Data   RO         4170    .constdata          cipher_wrap.o
    0x1810c22c   0x0000001c   Data   RO         4171    .constdata          cipher_wrap.o
    0x1810c248   0x0000001c   Data   RO         4172    .constdata          cipher_wrap.o
    0x1810c264   0x0000001c   Data   RO         4173    .constdata          cipher_wrap.o
    0x1810c280   0x0000001c   Data   RO         4174    .constdata          cipher_wrap.o
    0x1810c29c   0x0000001c   Data   RO         4175    .constdata          cipher_wrap.o
    0x1810c2b8   0x0000001c   Data   RO         4176    .constdata          cipher_wrap.o
    0x1810c2d4   0x0000001c   Data   RO         4177    .constdata          cipher_wrap.o
    0x1810c2f0   0x0000001c   Data   RO         4178    .constdata          cipher_wrap.o
    0x1810c30c   0x00000080   Data   RO         4179    .constdata          cipher_wrap.o
    0x1810c38c   0x00000980   Data   RO         4262    .constdata          des.o
    0x1810cd0c   0x00000040   Data   RO         4346    .constdata          md5.o
    0x1810cd4c   0x00000030   Data   RO         4379    .constdata          md_wrap.o
    0x1810cd7c   0x00000030   Data   RO         4380    .constdata          md_wrap.o
    0x1810cdac   0x00000030   Data   RO         4381    .constdata          md_wrap.o
    0x1810cddc   0x00000030   Data   RO         4382    .constdata          md_wrap.o
    0x1810ce0c   0x000004f8   Data   RO         4423    .constdata          oid.o
    0x1810d304   0x00000030   Data   RO         4485    .constdata          pk_wrap.o
    0x1810d334   0x00000040   Data   RO         4552    .constdata          sha1.o
    0x1810d374   0x00000140   Data   RO         4569    .constdata          sha256.o
    0x1810d4b4   0x000003cc   Data   RO         4585    .constdata          ssl_ciphersuites.o
    0x1810d880   0x000000b8   Data   RO         4793    .constdata          x509_crt.o
    0x1810d938   0x00000010   Data   RO         4795    .constdata          x509_crt.o
    0x1810d948   0x000000a8   Data   RO         4982    .constdata          factory_test.o
    0x1810d9f0   0x00000004   Data   RO         5037    .constdata          lwip_sys_arch.o
    0x1810d9f4   0x00000044   Data   RO         5312    .constdata          lwip_sockets.o
    0x1810da38   0x00000004   Data   RO         5540    .constdata          lwip_ip4_addr.o
    0x1810da3c   0x00000004   Data   RO         5541    .constdata          lwip_ip4_addr.o
    0x1810da40   0x0000000c   Data   RO         5734    .constdata          lwip_memp.o
    0x1810da4c   0x0000000c   Data   RO         5735    .constdata          lwip_memp.o
    0x1810da58   0x0000000c   Data   RO         5736    .constdata          lwip_memp.o
    0x1810da64   0x0000000c   Data   RO         5737    .constdata          lwip_memp.o
    0x1810da70   0x0000000c   Data   RO         5738    .constdata          lwip_memp.o
    0x1810da7c   0x0000000c   Data   RO         5739    .constdata          lwip_memp.o
    0x1810da88   0x0000000c   Data   RO         5740    .constdata          lwip_memp.o
    0x1810da94   0x0000000c   Data   RO         5741    .constdata          lwip_memp.o
    0x1810daa0   0x0000000c   Data   RO         5742    .constdata          lwip_memp.o
    0x1810daac   0x0000000c   Data   RO         5743    .constdata          lwip_memp.o
    0x1810dab8   0x0000000c   Data   RO         5744    .constdata          lwip_memp.o
    0x1810dac4   0x0000000c   Data   RO         5745    .constdata          lwip_memp.o
    0x1810dad0   0x0000000c   Data   RO         5746    .constdata          lwip_memp.o
    0x1810dadc   0x0000000c   Data   RO         5747    .constdata          lwip_memp.o
    0x1810dae8   0x0000000c   Data   RO         5748    .constdata          lwip_memp.o
    0x1810daf4   0x0000000c   Data   RO         5749    .constdata          lwip_memp.o
    0x1810db00   0x00000040   Data   RO         5750    .constdata          lwip_memp.o
    0x1810db40   0x00000054   Data   RO         5945    .constdata          lwip_tcp.o
    0x1810db94   0x00000038   Data   RO         6044    .constdata          lwip_timeouts.o
    0x1810dbcc   0x00000006   Data   RO         6095    .constdata          lwip_ethernet.o
    0x1810dbd2   0x00000006   Data   RO         6096    .constdata          lwip_ethernet.o
    0x1810dbd8   0x00000048   Data   RO         6158    .constdata          lwip_stack.o
    0x1810dc20   0x00000004   Data   RO         6159    .constdata          lwip_stack.o
    0x1810dc24   0x00000014   Data   RO         7725    .constdata          mbed_lp_ticker_api.o
    0x1810dc38   0x00000008   Data   RO         7726    .constdata          mbed_lp_ticker_api.o
    0x1810dc40   0x00000014   Data   RO         7813    .constdata          mbed_us_ticker_api.o
    0x1810dc54   0x00000008   Data   RO         7814    .constdata          mbed_us_ticker_api.o
    0x1810dc5c   0x00000017   Data   RO         7903    .constdata          retarget.o
    0x1810dc73   0x00000001   PAD
    0x1810dc74   0x0000003c   Data   RO         8037    .constdata          analogin_api.o
    0x1810dcb0   0x000001a4   Data   RO         8063    .constdata          gpio_api.o
    0x1810de54   0x00000070   Data   RO         8082    .constdata          gpio_irq_api.o
    0x1810dec4   0x0000009c   Data   RO         8195    .constdata          pwmout_api.o
    0x1810df60   0x00000004   Data   RO         8222    .constdata          rda_customize.o
    0x1810df64   0x00000030   Data   RO         8245    .constdata          rda_gpadc_api.o
    0x1810df94   0x00000090   Data   RO         8386    .constdata          serial_api.o
    0x1810e024   0x00000002   Data   RO         8628    .constdata          RTX_Conf_CM.o
    0x1810e026   0x00000002   PAD
    0x1810e028   0x00000004   Data   RO         8629    .constdata          RTX_Conf_CM.o
    0x1810e02c   0x00000004   Data   RO         8630    .constdata          RTX_Conf_CM.o
    0x1810e030   0x00000004   Data   RO         8634    .constdata          RTX_Conf_CM.o
    0x1810e034   0x00000001   Data   RO         8635    .constdata          RTX_Conf_CM.o
    0x1810e035   0x00000003   PAD
    0x1810e038   0x00000014   Data   RO         8636    .constdata          RTX_Conf_CM.o
    0x1810e04c   0x00000002   Data   RO         8637    .constdata          RTX_Conf_CM.o
    0x1810e04e   0x00000002   PAD
    0x1810e050   0x00000004   Data   RO         8638    .constdata          RTX_Conf_CM.o
    0x1810e054   0x00000001   Data   RO         8639    .constdata          RTX_Conf_CM.o
    0x1810e055   0x00000003   PAD
    0x1810e058   0x00000014   Data   RO         8640    .constdata          RTX_Conf_CM.o
    0x1810e06c   0x00000008   Data   RO         8641    .constdata          RTX_Conf_CM.o
    0x1810e074   0x00000002   Data   RO         8642    .constdata          RTX_Conf_CM.o
    0x1810e076   0x00000002   PAD
    0x1810e078   0x00000008   Data   RO         9415    .constdata          lightduer_memory.o
    0x1810e080   0x00000028   Data   RO         9498    .constdata          lightduer_net_transport_wrapper.o
    0x1810e0a8   0x0000000f   Data   RO         9641    .constdata          lightduer_http_client_ops.o
    0x1810e0b7   0x00000001   PAD
    0x1810e0b8   0x00000010   Data   RO         9807    .constdata          lightduer_events.o
    0x1810e0c8   0x00000008   Data   RO         9856    .constdata          lightduer_timers.o
    0x1810e0d0   0x00000018   Data   RO        10017    .constdata          baidu_media_data_manager.o
    0x1810e0e8   0x00000008   Data   RO        10417    .constdata          baidu_media_play_m4a.o
    0x1810e0f0   0x000000ba   Data   RO        10436    .constdata          baidu_mp3_frame_header_parser.o
    0x1810e1aa   0x00000002   PAD
    0x1810e1ac   0x00002990   Data   RO        11093    .constdata          YTManage.o
    0x18110b3c   0x00000184   Data   RO        11212    .constdata          dataProcess.o
    0x18110cc0   0x00001b48   Data   RO        11319    .constdata          vbat.o
    0x18112808   0x00000010   Data   RO        11379    .constdata          yt_key.o
    0x18112818   0x00000020   Data   RO        11410    .constdata          yt_nb_amr_decoder_rda.ar(amr_codec_cns.o)
    0x18112838   0x00000004   Data   RO        11465    .constdata          libairkiss.ar(airlink.o)
    0x1811283c   0x0000001c   Data   RO        11488    .constdata          hal.ar(rda_ccfg_api.o)
    0x18112858   0x0000000c   Data   RO        11610    .constdata          wifi_sta_ap.ar(maclib_task.o)
    0x18112864   0x0000031a   Data   RO        11671    .constdata          wifi_sta_ap.ar(wland_flash.o)
    0x18112b7e   0x00000002   PAD
    0x18112b80   0x00000123   Data   RO        11750    .constdata          wifi_sta_ap.ar(wland_if.o)
    0x18112ca3   0x00000129   Data   RO        11802    .constdata          wifi_sta_ap.ar(wland_if_sta.o)
    0x18112dcc   0x0000019b   Data   RO        11852    .constdata          wifi_sta_ap.ar(wland_if_ap.o)
    0x18112f67   0x00000052   Data   RO        11882    .constdata          wifi_sta_ap.ar(wland_ota.o)
    0x18112fb9   0x00000122   Data   RO        11913    .constdata          wifi_sta_ap.ar(wland_scan.o)
    0x181130db   0x00000001   PAD
    0x181130dc   0x00000039   Data   RO        12007    .constdata          lib_airkiss.ar(rda_airkiss.o)
    0x18113115   0x00000001   PAD
    0x18113116   0x00001784   Data   RO        12029    .constdata          yt_nb_amr_decoder_rda.ar(interf_dec.o)
    0x1811489a   0x00000002   PAD
    0x1811489c   0x00000094   Data   RO        12050    .constdata          yt_mv_222_voice_changer_rda.ar(yt_mv_222_core.o)
    0x18114930   0x00000010   Data   RO        12172    .constdata          wifi_sta_ap.ar(csl_mbed.o)
    0x18114940   0x0000009d   Data   RO        12183    .constdata          wifi_sta_ap.ar(wland_recv.o)
    0x181149dd   0x00000110   Data   RO        12206    .constdata          wifi_sta_ap.ar(wland_sniffer.o)
    0x18114aed   0x00000003   PAD
    0x18114af0   0x0000ce34   Data   RO        12333    .constdata          yt_nb_amr_decoder_rda.ar(sp_dec.o)
    0x18121924   0x000000f0   Data   RO        12431    .constdata          yt_mv_222_voice_changer_rda.ar(yt_mv_222_adjust_duration.o)
    0x18121a14   0x00001024   Data   RO        12472    .constdata          yt_mv_222_voice_changer_rda.ar(yt_mv_222_keep_fidelity.o)
    0x18122a38   0x0000160c   Data   RO        12483    .constdata          yt_vad_rda_8000_rb.ar(ytv_asr_mia_math.o)
    0x18124044   0x0000001c   Data   RO        12497    .constdata          wifi_sta_ap.ar(maccontroller.o)
    0x18124060   0x00000082   Data   RO        12501    .constdata          wifi_sta_ap.ar(mac_init.o)
    0x181240e2   0x0000001d   Data   RO        12533    .constdata          wifi_sta_ap.ar(pm_sta.o)
    0x181240ff   0x00000012   Data   RO        12537    .constdata          wifi_sta_ap.ar(virtual_host_if.o)
    0x18124111   0x00000012   Data   RO        12541    .constdata          wifi_sta_ap.ar(host_if.o)
    0x18124123   0x0000000e   Data   RO        12549    .constdata          wifi_sta_ap.ar(imem.o)
    0x18124131   0x00000003   PAD
    0x18124134   0x00000030   Data   RO        12554    .constdata          wifi_sta_ap.ar(imem_if.o)
    0x18124164   0x00000640   Data   RO        12634    .constdata          yt_mv_222_voice_changer_rda.ar(yt_mv_for_fixed_point.o)
    0x181247a4   0x00000ed4   Data   RO        12660    .constdata          wifi_sta_ap.ar(iconfig.o)
    0x18125678   0x000000bc   Data   RO        12678    .constdata          wifi_sta_ap.ar(sme_sta.o)
    0x18125734   0x00000011   Data   RO        12682    .constdata          wifi_sta_ap.ar(management_11e.o)
    0x18125745   0x00000003   PAD
    0x18125748   0x00000018   Data   RO        12701    .constdata          wifi_sta_ap.ar(blockack.o)
    0x18125760   0x00000023   Data   RO        12708    .constdata          wifi_sta_ap.ar(management_11n.o)
    0x18125783   0x0000001f   Data   RO        12771    .constdata          wifi_sta_ap.ar(fsm.o)
    0x181257a2   0x0000000a   Data   RO        12775    .constdata          wifi_sta_ap.ar(index_util.o)
    0x181257ac   0x00000048   Data   RO        12830    .constdata          wifi_sta_ap.ar(chan_mgmt_ap.o)
    0x181257f4   0x0000005c   Data   RO        12836    .constdata          wifi_sta_ap.ar(management_ap.o)
    0x18125850   0x00000014   Data   RO        12861    .constdata          wifi_sta_ap.ar(channel_sw.o)
    0x18125864   0x00000088   Data   RO        12879    .constdata          wifi_sta_ap.ar(ce_lut.o)
    0x181258ec   0x000000f6   Data   RO        12883    .constdata          wifi_sta_ap.ar(mh.o)
    0x181259e2   0x00000002   PAD
    0x181259e4   0x00000180   Data   RO        12892    .constdata          wifi_sta_ap.ar(phy_ittiam_40mhz.o)
    0x18125b64   0x00000024   Data   RO        12902    .constdata          wifi_sta_ap.ar(phy_802_11n.o)
    0x18125b88   0x00000010   Data   RO        12903    .constdata          wifi_sta_ap.ar(phy_802_11n.o)
    0x18125b98   0x00000f38   Data   RO        12917    .constdata          wifi_sta_ap.ar(vco_rda_ittiam.o)
    0x18126ad0   0x00000010   Data   RO        12930    .constdata          wifi_sta_ap.ar(qmu_rx.o)
    0x18126ae0   0x00000010   Data   RO        12934    .constdata          wifi_sta_ap.ar(qmu_tx.o)
    0x18126af0   0x00000011   Data   RO        12991    .constdata          wifi_sta_ap.ar(frame_ap.o)
    0x18126b01   0x0000001b   Data   RO        12994    .constdata          wifi_sta_ap.ar(host_rx_mlme_ap.o)
    0x18126b1c   0x0000001c   Data   RO        12999    .constdata          wifi_sta_ap.ar(pm_ap.o)
    0x18126b38   0x00000048   Data   RO        13002    .constdata          wifi_sta_ap.ar(wlan_misc_ap.o)
    0x18126b80   0x0000002d   Data   RO        13011    .constdata          wifi_sta_ap.ar(ieee_11i_sta.o)
    0x18126bad   0x00000039   Data   RO        13020    .constdata          wifi_sta_ap.ar(host_rx_mlme_sta.o)
    0x18126be6   0x00000026   Data   RO        13026    .constdata          wifi_sta_ap.ar(management_sta.o)
    0x18126c0c   0x00000011   Data   RO        13030    .constdata          wifi_sta_ap.ar(wlan_misc_sta.o)
    0x18126c1d   0x00000003   PAD
    0x18126c20   0x000000f3   Data   RO        13033    .constdata          wifi_sta_ap.ar(wlan_rx_mgmt_sta.o)
    0x18126d13   0x00000013   Data   RO        13061    .constdata          wifi_sta_ap.ar(tkip_sta.o)
    0x18126d26   0x00000002   PAD
    0x18126d28   0x00000070   Data   RO        13064    .constdata          wifi_sta_ap.ar(filter_action.o)
    0x18126d98   0x00000028   Data   RO        13234    .constdata          c_w.l(_printf_hex_int_ll_ptr.o)
    0x18126dc0   0x00000011   Data   RO        13254    .constdata          c_w.l(__printf_flags_ss_wp.o)
    0x18126dd1   0x00000001   Data   RO        13816    .constdata          cpprt_w.l(nothrow_obj.o)
    0x18126dd2   0x00000006   PAD
    0x18126dd8   0x00000088   Data   RO        13945    .constdata          m_wm.l(pow.o)
    0x18126e60   0x00000008   Data   RO        14048    .constdata          c_w.l(_printf_wctomb.o)
    0x18126e68   0x0000000c   Data   RO        14129    .constdata          c_w.l(_monlen.o)
    0x18126e74   0x00000004   PAD
    0x18126e78   0x00000008   Data   RO        14766    .constdata          m_wm.l(qnan.o)
    0x18126e80   0x00000026   Data   RO        14797    .constdata          c_w.l(_printf_fp_hex.o)
    0x18126ea6   0x00000002   PAD
    0x18126ea8   0x00000094   Data   RO        14818    .constdata          c_w.l(bigflt0.o)
    0x18126f3c   0x0000001c   Data   RO        10466    .constdata__ZTV12DLNAListener  baidu_dlna_media_cb.o
    0x18126f58   0x0000002c   Data   RO         3288    .constdata__ZTV12FATDirHandle  FATDirHandle.o
    0x18126f84   0x00000034   Data   RO         3345    .constdata__ZTV13FATFileHandle  FATFileHandle.o
    0x18126fb8   0x00000050   Data   RO         3418    .constdata__ZTV13FATFileSystem  FATFileSystem.o
    0x18127008   0x00000050   Data   RO         3473    .constdata__ZTV15SDMMCFileSystem  SDMMCFileSystem.o
    0x18127058   0x000000a0   Data   RO         4925    .constdata__ZTV18WiFiStackInterface  WiFiStackInterface.o
    0x181270f8   0x00000020   Data   RO        10866    .constdata__ZTVN4duer10FileBufferE  baidu_file_buffer.o
    0x18127118   0x00000010   Data   RO        11400    .constdata__ZTVN4duer10YTGpadcKeyE  yt_key.o
    0x18127128   0x00000020   Data   RO        10839    .constdata__ZTVN4duer12CommonBufferE  baidu_common_buffer.o
    0x18127148   0x00000068   Data   RO        10360    .constdata__ZTVN4duer12MediaAdapterE  baidu_media_play.o
    0x181271b0   0x00000068   Data   RO         2251    .constdata__ZTVN4duer14BaiduCodecBaseE  baidu_codec_base.o
    0x18127218   0x00000010   Data   RO        11145    .constdata__ZTVN4duer14YTMediaManagerE  YTManage.o
    0x18127228   0x0000001c   Data   RO        11143    .constdata__ZTVN4duer19YTMDMPlayerListenerE  YTManage.o
    0x18127244   0x0000001c   Data   RO        10226    .constdata__ZTVN4duer23MdmMeaidaPlayerListenerE  baidu_media_play_progress.o
    0x18127260   0x00000018   Data   RO        10228    .constdata__ZTVN4duer23MediaPlayBufferListenerE  baidu_media_play_progress.o
    0x18127278   0x00000034   Data   RO         7961    .constdata__ZTVN4mbed10FileHandleE  retarget.o
    0x181272ac   0x00000018   Data   RO         7429    .constdata__ZTVN4mbed10SerialBaseE  SerialBase.o
    0x181272c4   0x00000014   Data   RO         7624    .constdata__ZTVN4mbed10TimerEventE  TimerEvent.o
    0x181272d8   0x0000002c   Data   RO         7035    .constdata__ZTVN4mbed13BaseDirHandleE  FileSystemLike.o
    0x18127304   0x00000024   Data   RO         7021    .constdata__ZTVN4mbed14FileSystemLikeE  FileSystemLike.o
    0x18127328   0x0000006c   Data   RO         7359    .constdata__ZTVN4mbed6SerialE  Serial.o
    0x18127394   0x0000004c   Data   RO         7515    .constdata__ZTVN4mbed6StreamE  Stream.o
    0x181273e0   0x00000014   Data   RO         7534    .constdata__ZTVN4mbed6TickerE  Ticker.o
    0x181273f4   0x00000014   Data   RO         7553    .constdata__ZTVN4mbed7TimeoutE  Timeout.o
    0x18127408   0x00000018   Data   RO        11334    .constdata__ZTVN4mbed8AnalogInE  vbat.o
    0x18127420   0x00000010   Data   RO         6937    .constdata__ZTVN4mbed8FileBaseE  FileBase.o
    0x18127430   0x00000044   Data   RO         6962    .constdata__ZTVN4mbed8FileLikeE  FileLike.o
    0x18127474   0x00000010   Data   RO         3100    .constdata__ZTVN4mbed8GpadcKeyE  gpadckey.o
    0x18127484   0x00000018   Data   RO         7266    .constdata__ZTVN4mbed9RawSerialE  RawSerial.o
    0x1812749c   0x00000010   Data   RO         8587    .constdata__ZTVN4rtos6ThreadE  Thread.o
    0x181274ac   0x00000043   Data   RO         9817    .constdata__ZZN11DuerHandler4loopEvEs  lightduer_events.o
    0x181274ef   0x0000002a   Data   RO         9818    .constdata__ZZN11DuerHandler4loopEvEs_0  lightduer_events.o
    0x18127519   0x00000029   Data   RO         9819    .constdata__ZZN11DuerHandler4loopEvEs_1  lightduer_events.o
    0x18127542   0x00000015   Data   RO         9820    .constdata__ZZN11DuerHandler4loopEvEs_2  lightduer_events.o
    0x18127557   0x00000043   Data   RO         9815    .constdata__ZZN11DuerHandler4postEPFviPvEiS0_Es  lightduer_events.o
    0x1812759a   0x0000001f   Data   RO         9816    .constdata__ZZN11DuerHandler4postEPFviPvEiS0_Es_0  lightduer_events.o
    0x181275b9   0x00000008   Data   RO         9814    .constdata__ZZN11DuerHandlerC1EPKcjEs  lightduer_events.o
    0x181275c1   0x00000014   Data   RO         6680    .constdata__ZZN12SingletonPtrIN4rtos5MutexEE3getEvEs  FlashIAP.o
    0x181275d5   0x00000020   Data   RO         6681    .constdata__ZZN12SingletonPtrIN4rtos5MutexEE3getEvEs_0  FlashIAP.o
    0x181275f5   0x0000000b   Data   RO         3101    .constdata__ZZN4mbed8GpadcKey12_get_key_idxEtEs  gpadckey.o
    0x18127600   0x00000025   Data   RO         9821    .constdata__ZZN4rtos5QueueI21_duer_queue_message_sLj20EEC1EvEs  lightduer_events.o
    0x18127625   0x00000025   Data   RO          247    .constdata__ZZN4rtos5QueueIiLj5EEC1EvEs  events.o
    0x1812764a   0x00000002   PAD
    0x1812764c   0x0000000e   Data   RO         3102    .constdata___ARM__ZN4mbed8GpadcKey12_get_key_idxEt_anon0  gpadckey.o
    0x1812765a   0x00000002   PAD
    0x1812765c   0x00000065   Data   RO           20    .conststring        app_main.o
    0x181276c1   0x00000003   PAD
    0x181276c4   0x00000045   Data   RO          262    .conststring        airkiss_lan_discovery.o
    0x18127709   0x00000003   PAD
    0x1812770c   0x00000091   Data   RO          291    .conststring        asr_service.o
    0x1812779d   0x00000003   PAD
    0x181277a0   0x00000098   Data   RO          443    .conststring        ota_service.o
    0x18127838   0x0000006c   Data   RO          460    .conststring        ota_update.o
    0x181278a4   0x000002b6   Data   RO          596    .conststring        dcl_asr_api.o
    0x18127b5a   0x00000002   PAD
    0x18127b5c   0x00000085   Data   RO          635    .conststring        auth_crypto.o
    0x18127be1   0x00000003   PAD
    0x18127be4   0x00000041   Data   RO          654    .conststring        dcl_volume_decode.o
    0x18127c25   0x00000003   PAD
    0x18127c28   0x00000195   Data   RO          664    .conststring        dcl_device_license.o
    0x18127dbd   0x00000003   PAD
    0x18127dc0   0x000000e0   Data   RO          674    .conststring        dcl_mpush_offline_msg.o
    0x18127ea0   0x00000113   Data   RO          684    .conststring        dcl_mpush_push_msg.o
    0x18127fb3   0x00000001   PAD
    0x18127fb4   0x00000112   Data   RO          694    .conststring        dcl_mpush_server_list.o
    0x181280c6   0x00000002   PAD
    0x181280c8   0x000000b8   Data   RO          782    .conststring        dcl_update_device_info.o
    0x18128180   0x000000a9   Data   RO          792    .conststring        dcl_update_time.o
    0x18128229   0x00000003   PAD
    0x1812822c   0x000000ac   Data   RO          802    .conststring        dcl_tts_api.o
    0x181282d8   0x00000042   Data   RO         1023    .conststring        flash_operation_interface.o
    0x1812831a   0x00000002   PAD
    0x1812831c   0x00000043   Data   RO         1177    .conststring        lightduer_m4a_audio_specific_config.o
    0x1812835f   0x00000001   PAD
    0x18128360   0x00000041   Data   RO         2426    .conststring        rda58xx.o
    0x181283a1   0x00000003   PAD
    0x181283a4   0x0000000c   Data   RO         4180    .conststring        cipher_wrap.o
    0x181283b0   0x0000000c   Data   RO         4181    .conststring        cipher_wrap.o
    0x181283bc   0x0000000c   Data   RO         4182    .conststring        cipher_wrap.o
    0x181283c8   0x0000000c   Data   RO         4183    .conststring        cipher_wrap.o
    0x181283d4   0x0000000c   Data   RO         4184    .conststring        cipher_wrap.o
    0x181283e0   0x0000000c   Data   RO         4185    .conststring        cipher_wrap.o
    0x181283ec   0x0000000c   Data   RO         4186    .conststring        cipher_wrap.o
    0x181283f8   0x0000000c   Data   RO         4187    .conststring        cipher_wrap.o
    0x18128404   0x0000000c   Data   RO         4188    .conststring        cipher_wrap.o
    0x18128410   0x00000008   Data   RO         4189    .conststring        cipher_wrap.o
    0x18128418   0x00000008   Data   RO         4190    .conststring        cipher_wrap.o
    0x18128420   0x0000000c   Data   RO         4191    .conststring        cipher_wrap.o
    0x1812842c   0x0000000c   Data   RO         4192    .conststring        cipher_wrap.o
    0x18128438   0x0000000d   Data   RO         4193    .conststring        cipher_wrap.o
    0x18128445   0x00000003   PAD
    0x18128448   0x0000000d   Data   RO         4194    .conststring        cipher_wrap.o
    0x18128455   0x00000003   PAD
    0x18128458   0x00000004   Data   RO         4383    .conststring        md_wrap.o
    0x1812845c   0x00000005   Data   RO         4384    .conststring        md_wrap.o
    0x18128461   0x00000003   PAD
    0x18128464   0x00000007   Data   RO         4385    .conststring        md_wrap.o
    0x1812846b   0x00000001   PAD
    0x1812846c   0x00000007   Data   RO         4386    .conststring        md_wrap.o
    0x18128473   0x00000001   PAD
    0x18128474   0x000009ef   Data   RO         4424    .conststring        oid.o
    0x18128e63   0x00000001   PAD
    0x18128e64   0x00000111   Data   RO         4586    .conststring        ssl_ciphersuites.o
    0x18128f75   0x00000003   PAD
    0x18128f78   0x00000406   Data   RO         4796    .conststring        x509_crt.o
    0x1812937e   0x00000002   PAD
    0x18129380   0x000001da   Data   RO         4983    .conststring        factory_test.o
    0x1812955a   0x00000002   PAD
    0x1812955c   0x00000075   Data   RO         5946    .conststring        lwip_tcp.o
    0x181295d1   0x00000003   PAD
    0x181295d4   0x00000042   Data   RO         8038    .conststring        analogin_api.o
    0x18129616   0x00000002   PAD
    0x18129618   0x00000042   Data   RO         8083    .conststring        gpio_irq_api.o
    0x1812965a   0x00000002   PAD
    0x1812965c   0x00000043   Data   RO         8246    .conststring        rda_gpadc_api.o
    0x1812969f   0x00000001   PAD
    0x181296a0   0x00000084   Data   RO         8387    .conststring        serial_api.o
    0x18129724   0x00000048   Data   RO         9455    .conststring        lightduer_net_trans_encrypted.o
    0x1812976c   0x0000004a   Data   RO         9499    .conststring        lightduer_net_transport_wrapper.o
    0x181297b6   0x00000002   PAD
    0x181297b8   0x00000147   Data   RO         9613    .conststring        lightduer_http_client.o
    0x181298ff   0x00000001   PAD
    0x18129900   0x00000042   Data   RO         9642    .conststring        lightduer_http_client_ops.o
    0x18129942   0x00000002   PAD
    0x18129944   0x0000000e   Data   RO         9718    .conststring        baidu_ca_debug_adp.o
    0x18129952   0x00000002   PAD
    0x18129954   0x00000045   Data   RO         9743    .conststring        baidu_ca_mutex_adp.o
    0x18129999   0x00000003   PAD
    0x1812999c   0x00000044   Data   RO         9780    .conststring        baidu_ca_socket_adp.o
    0x181299e0   0x00000043   Data   RO         9857    .conststring        lightduer_timers.o
    0x18129a23   0x00000001   PAD
    0x18129a24   0x00000048   Data   RO        10453    .conststring        baidu_dlna_media_cb.o
    0x18129a6c   0x00000033   Data   RO        10733    .conststring        upnpsoap.o
    0x18129a9f   0x00000001   PAD
    0x18129aa0   0x00000019   Data   RO        11197    .conststring        authorize.o
    0x18129ab9   0x00000003   PAD
    0x18129abc   0x000000c5   Data   RO        11803    .conststring        wifi_sta_ap.ar(wland_if_sta.o)
    0x18129b81   0x00000003   PAD
    0x18129b84   0x000000dc   Data   RO        11883    .conststring        wifi_sta_ap.ar(wland_ota.o)
    0x18129c60   0x00000046   Data   RO        11914    .conststring        wifi_sta_ap.ar(wland_scan.o)
    0x18129ca6   0x00000002   PAD
    0x18129ca8   0x00000427   Data   RO        12240    .conststring        wifi_sta_ap.ar(wifi_wpa.o)
    0x1812a0cf   0x00000001   PAD
    0x1812a0d0   0x0000006b   Data   RO        12278    .conststring        wifi_sta_ap.ar(wifi_wpa_ap.o)
    0x1812a13b   0x00000001   PAD
    0x1812a13c   0x00000042   Data   RO        12305    .conststring        wifi_sta_ap.ar(wifi_wpa_get_suites.o)
    0x1812a17e   0x00000002   PAD
    0x1812a180   0x000004d1   Data   RO        12665    .conststring        wifi_sta_ap.ar(iconfig.o)
    0x1812a651   0x00000003   PAD
    0x1812a654   0x0000004c   Data   RO        12702    .conststring        wifi_sta_ap.ar(blockack.o)
    0x1812a6a0   0x00000056   Data   RO        12837    .conststring        wifi_sta_ap.ar(management_ap.o)
    0x1812a6f6   0x00000002   PAD
    0x1812a6f8   0x00000051   Data   RO        12862    .conststring        wifi_sta_ap.ar(channel_sw.o)
    0x1812a749   0x00000003   PAD
    0x1812a74c   0x000000d5   Data   RO        12922    .conststring        wifi_sta_ap.ar(filter.o)
    0x1812a821   0x00000003   PAD
    0x1812a824   0x00000046   Data   RO        13007    .conststring        wifi_sta_ap.ar(wlan_rx_mgmt_ap.o)
    0x1812a86a   0x00000002   PAD
    0x1812a86c   0x00000019   Data   RO        13038    .conststring        wifi_sta_ap.ar(reg_domain_rda_ittiam.o)
    0x1812a885   0x00000003   PAD
    0x1812a888   0x00000008   Data   RO        13043    .conststring        wifi_sta_ap.ar(filter_frame.o)
    0x1812a890   0x00000086   Data   RO        13065    .conststring        wifi_sta_ap.ar(filter_action.o)
    0x1812a916   0x00000002   PAD
    0x1812a918   0x00000050   Data   RO        15204    Region$$Table       anon$$obj.o
    0x1812a968   0x00000110   Data   RO        14113    locale$$data        c_w.l(lc_ctype_c.o)
    0x1812aa78   0x0000001c   Data   RO        14884    locale$$data        c_w.l(lc_numeric_c.o)
    0x1812aa94   0x00000004   Data   RO           22    .init_array         app_main.o
    0x1812aa98   0x00000004   Data   RO          126    .init_array         deepbrain_app.o
    0x1812aa9c   0x00000004   Data   RO          205    .init_array         duer_recorder.o
    0x1812aaa0   0x00000004   Data   RO          238    .init_array         events.o
    0x1812aaa4   0x00000004   Data   RO          377    .init_array         memo_service.o
    0x1812aaa8   0x00000004   Data   RO          501    .init_array         uart_shell.o
    0x1812aaac   0x00000004   Data   RO          555    .init_array         wifi_manage.o
    0x1812aab0   0x00000004   Data   RO         1121    .init_array         time_interface.o
    0x1812aab4   0x00000004   Data   RO         2222    .init_array         baidu_codec_base.o
    0x1812aab8   0x00000004   Data   RO         2762    .init_array         arm_hal_timer.o
    0x1812aabc   0x00000004   Data   RO         4985    .init_array         factory_test.o
    0x1812aac0   0x00000004   Data   RO         9700    .init_array         baidu_ca_adapter.o
    0x1812aac4   0x00000004   Data   RO         9921    .init_array         baidu_media_base.o
    0x1812aac8   0x00000004   Data   RO        10019    .init_array         baidu_media_data_manager.o
    0x1812aacc   0x00000004   Data   RO        10063    .init_array         baidu_media_file_storer.o
    0x1812aad0   0x00000004   Data   RO        10142    .init_array         baidu_media_manager.o
    0x1812aad4   0x00000004   Data   RO        10209    .init_array         baidu_media_play_progress.o
    0x1812aad8   0x00000004   Data   RO        10318    .init_array         baidu_media_play.o
    0x1812aadc   0x00000004   Data   RO        10455    .init_array         baidu_dlna_media_cb.o
    0x1812aae0   0x00000004   Data   RO        10505    .init_array         baidu_media_manager_adapter.o
    0x1812aae4   0x00000004   Data   RO        11095    .init_array         YTManage.o
    0x1812aae8   0x00000004   Data   RO        11283    .init_array         YTLight.o
    0x1812aaec   0x00000004   Data   RO        11321    .init_array         vbat.o
    0x1812aaf0   0x00000004   Data   RO        11381    .init_array         yt_key.o
    0x1812aaf4   0x00000000   Data   RO        13418    .init_array         c_w.l(init_aeabi.o)
    0x1812aaf4   0x00000004   Data   RO        14219    .init_array         cpp_ws.l(char.o)
    0x1812aaf8   0x00000004   Data   RO        14510    .init_array         cpp_ws.l(locale.o)
    0x1812aafc   0x00000004   Data   RO        14945    .init_array         cpp_ws.l(rwcats.o)


    Execution Region RW_IRAM2 (Base: 0x40100000, Size: 0x00000000, Max: 0x00018c00, ABSOLUTE)

    **** No section assigned to this execution region ****


    Execution Region RW_IRAM3 (Base: 0x40118c00, Size: 0x00000004, Max: 0x00000c00, ABSOLUTE)

    Base Addr    Size         Type   Attr      Idx    E Section Name        Object

    0x40118c00   0x00000001   Data   RW        12967    AHB1SMEM0           hal.ar(rda_aes_api.o)


    Execution Region RW_IRAM4 (Base: 0x40119800, Size: 0x00004000, Max: 0x00006800, ABSOLUTE, COMPRESSED[0x00000084])

    Base Addr    Size         Type   Attr      Idx    E Section Name        Object

    0x40119800   0x00003fff   Data   RW         5039    AHB1SMEM1           lwip_sys_arch.o


==============================================================================

Image component sizes


      Code (inc. data)   RO Data    RW Data    ZI Data      Debug   

    274394      50714     531840      18060     239660     224344   Object Totals
        20          0         80          0     168064          0   (incl. Generated)
       314          0         97         20          8          0   (incl. Padding)
    304882      44846      87736       3360      46316     125232   Library Totals
       112          0         61         46         19          0   (incl. Padding)

==============================================================================


      Code (inc. data)   RO Data    RW Data    ZI Data      Debug   

    579276      95560     619576      21420     285976     120812   Grand Totals
    579276      95560     619576       1472     285976     120812   ELF Image Totals (compressed)
    579276      95560     619576       1472          0          0   ROM Totals

==============================================================================

    Total RO  Size (Code + RO Data)              1198852 (1170.75kB)
    Total RW  Size (RW Data + ZI Data)            307396 ( 300.19kB)
    Total ROM Size (Code + RO Data + RW Data)    1200324 (1172.19kB)

==============================================================================

